main.c:158:5:main	440	static
main.c:328:6:SystemClock_Config	88	static
main.c:372:13:MX_CRC_Init	8	static
main.c:398:13:MX_SPI1_Init	8	static
main.c:436:13:MX_TIM2_Init	32	static
main.c:481:13:MX_TIM3_Init	32	static
main.c:526:13:MX_TIM4_Init	32	static
main.c:571:13:MX_TIM5_Init	32	static
main.c:616:13:MX_USART1_UART_Init	8	static
main.c:649:13:MX_USART2_UART_Init	8	static
main.c:682:13:MX_USART6_UART_Init	8	static
main.c:713:13:MX_DMA_Init	16	static
main.c:731:13:MX_GPIO_Init	48	static
main.c:810:6:CMD_Send	40	static
main.c:826:9:CMD_Parse	24	static
main.c:843:6:HAL_UART_RxCpltCallback	24	static
main.c:889:6:HAL_UART_ErrorCallback	16	static
main.c:899:6:MODE_Set	24	static
main.c:915:6:HAL_TIM_PeriodElapsedCallback	16	static
main.c:935:6:HAL_GPIO_EXTI_Callback	16	static
main.c:939:6:RTTY_Send	32	static
main.c:952:6:RTTY_SendSingle	24	static
main.c:968:9:get_check_sum	32	static
main.c:976:6:make_string	112	static
main.c:1005:6:make_string_gsm	64	static
main.c:1030:6:Error_Handler	4	static,ignoring_inline_asm
