main.c:156:5:main	424	static
main.c:321:6:SystemClock_Config	88	static
main.c:365:13:MX_CRC_Init	8	static
main.c:391:13:MX_SPI1_Init	8	static
main.c:429:13:MX_TIM2_Init	32	static
main.c:474:13:MX_TIM3_Init	32	static
main.c:519:13:MX_TIM4_Init	32	static
main.c:564:13:MX_USART1_UART_Init	8	static
main.c:597:13:MX_USART2_UART_Init	8	static
main.c:630:13:MX_USART6_UART_Init	8	static
main.c:661:13:MX_DMA_Init	16	static
main.c:679:13:MX_GPIO_Init	48	static
main.c:758:6:CMD_Send	40	static
main.c:774:9:CMD_Parse	24	static
main.c:791:6:HAL_UART_RxCpltCallback	24	static
main.c:839:6:HAL_UART_ErrorCallback	16	static
main.c:849:6:MODE_Set	24	static
main.c:865:6:HAL_TIM_PeriodElapsedCallback	16	static
main.c:888:6:HAL_GPIO_EXTI_Callback	16	static
main.c:892:6:RTTY_Send	32	static
main.c:943:6:RTTY_SendSingle	24	static
main.c:1056:9:get_check_sum	32	static
main.c:1064:6:make_string	112	static
main.c:1153:6:Error_Handler	4	static,ignoring_inline_asm
