main.c:161:5:main	504	static
main.c:330:6:SystemClock_Config	88	static
main.c:374:13:MX_ADC1_Init	24	static
main.c:424:13:MX_CRC_Init	8	static
main.c:450:13:MX_SPI1_Init	8	static
main.c:488:13:MX_TIM2_Init	32	static
main.c:533:13:MX_TIM3_Init	32	static
main.c:578:13:MX_TIM4_Init	32	static
main.c:623:13:MX_TIM5_Init	32	static
main.c:668:13:MX_USART1_UART_Init	8	static
main.c:701:13:MX_USART2_UART_Init	8	static
main.c:734:13:MX_USART6_UART_Init	8	static
main.c:765:13:MX_DMA_Init	16	static
main.c:783:13:MX_GPIO_Init	48	static
main.c:862:6:CMD_Send	40	static
main.c:878:9:CMD_Parse	24	static
main.c:895:6:HAL_UART_RxCpltCallback	24	static
main.c:941:6:HAL_UART_ErrorCallback	16	static
main.c:951:6:MODE_Set	24	static
main.c:967:6:HAL_TIM_PeriodElapsedCallback	16	static
main.c:987:6:HAL_GPIO_EXTI_Callback	16	static
main.c:991:6:RTTY_Send	32	static
main.c:1004:6:RTTY_SendSingle	24	static
main.c:1020:9:get_check_sum	32	static
main.c:1028:6:make_string	120	static
main.c:1057:6:make_string_gsm	64	static
main.c:1100:10:sampleInput	16	static
main.c:1130:6:Error_Handler	4	static,ignoring_inline_asm
