main.c:160:5:main	400	static
main.c:363:6:SystemClock_Config	88	static
main.c:407:13:MX_ADC1_Init	24	static
main.c:457:13:MX_CRC_Init	8	static
main.c:483:13:MX_SPI1_Init	8	static
main.c:521:13:MX_TIM2_Init	32	static
main.c:566:13:MX_TIM3_Init	32	static
main.c:611:13:MX_TIM4_Init	32	static
main.c:656:13:MX_TIM5_Init	32	static
main.c:701:13:MX_USART1_UART_Init	8	static
main.c:734:13:MX_USART2_UART_Init	8	static
main.c:767:13:MX_USART6_UART_Init	8	static
main.c:798:13:MX_DMA_Init	16	static
main.c:816:13:MX_GPIO_Init	48	static
main.c:895:6:CMD_Send	40	static
main.c:911:9:CMD_Parse	24	static
main.c:928:6:HAL_UART_RxCpltCallback	32	static
main.c:993:6:HAL_UART_ErrorCallback	16	static
main.c:1004:6:MODE_Set	24	static
main.c:1024:6:HAL_TIM_PeriodElapsedCallback	16	static
main.c:1044:6:HAL_GPIO_EXTI_Callback	16	static
main.c:1048:6:RTTY_Send	32	static
main.c:1061:6:RTTY_SendSingle	24	static
main.c:1077:9:get_check_sum	32	static
main.c:1084:9:crc_xor	32	static
main.c:1092:6:make_string	128	static
main.c:1123:6:make_string_gsm	64	static
main.c:1142:7:temp_mcu	16	static
main.c:1164:9:charToInt	24	static
main.c:1182:6:Error_Handler	4	static,ignoring_inline_asm
