main.c:150:5:main	432	static
main.c:306:6:SystemClock_Config	88	static
main.c:350:13:MX_CRC_Init	8	static
main.c:376:13:MX_SPI1_Init	8	static
main.c:414:13:MX_TIM2_Init	32	static
main.c:459:13:MX_TIM3_Init	32	static
main.c:504:13:MX_TIM4_Init	32	static
main.c:549:13:MX_USART1_UART_Init	8	static
main.c:582:13:MX_USART2_UART_Init	8	static
main.c:615:13:MX_USART6_UART_Init	8	static
main.c:646:13:MX_DMA_Init	16	static
main.c:664:13:MX_GPIO_Init	48	static
main.c:743:6:CMD_Send	40	static
main.c:759:9:CMD_Parse	24	static
main.c:776:6:HAL_UART_RxCpltCallback	24	static
main.c:824:6:HAL_UART_ErrorCallback	16	static
main.c:834:6:MODE_Set	24	static
main.c:850:6:HAL_TIM_PeriodElapsedCallback	24	static
main.c:876:6:HAL_GPIO_EXTI_Callback	16	static
main.c:880:6:RTTY_Send	32	static
main.c:931:6:RTTY_SendSingle	24	static
main.c:1044:9:get_check_sum	32	static
main.c:1052:6:make_string	112	static
main.c:1141:6:Error_Handler	4	static,ignoring_inline_asm
