main.c:160:5:main	576	static
main.c:345:6:SystemClock_Config	88	static
main.c:389:13:MX_ADC1_Init	24	static
main.c:439:13:MX_CRC_Init	8	static
main.c:465:13:MX_SPI1_Init	8	static
main.c:503:13:MX_TIM2_Init	32	static
main.c:548:13:MX_TIM3_Init	32	static
main.c:593:13:MX_TIM4_Init	32	static
main.c:638:13:MX_TIM5_Init	32	static
main.c:683:13:MX_USART1_UART_Init	8	static
main.c:716:13:MX_USART2_UART_Init	8	static
main.c:749:13:MX_USART6_UART_Init	8	static
main.c:780:13:MX_DMA_Init	16	static
main.c:798:13:MX_GPIO_Init	48	static
main.c:877:6:CMD_Send	40	static
main.c:893:9:CMD_Parse	24	static
main.c:910:6:HAL_UART_RxCpltCallback	24	static
main.c:961:6:HAL_UART_ErrorCallback	16	static
main.c:971:6:MODE_Set	24	static
main.c:991:6:HAL_TIM_PeriodElapsedCallback	16	static
main.c:1011:6:HAL_GPIO_EXTI_Callback	16	static
main.c:1015:6:RTTY_Send	32	static
main.c:1028:6:RTTY_SendSingle	24	static
main.c:1044:9:get_check_sum	32	static
main.c:1051:9:crc_xor	24	static
main.c:1059:6:make_string	120	static
main.c:1089:6:make_string_gsm	64	static
main.c:1108:7:temp_mcu	16	static
main.c:1130:9:charToInt	24	static
main.c:1144:6:Error_Handler	4	static,ignoring_inline_asm
