Archive member included to satisfy reference by file (symbol)

c:/st/stm32cubeide_1.7.0/stm32cubeide/plugins/com.st.stm32cube.ide.mcu.externaltools.gnu-tools-for-stm32.9-2020-q2-update.win32_2.0.0.202105311346/tools/bin/../lib/gcc/arm-none-eabi/9.3.1/../../../../arm-none-eabi/lib/thumb/v7e-m+fp/hard\libc_nano.a(lib_a-errno.o)
                              ./Core/Src/syscalls.o (__errno)
c:/st/stm32cubeide_1.7.0/stm32cubeide/plugins/com.st.stm32cube.ide.mcu.externaltools.gnu-tools-for-stm32.9-2020-q2-update.win32_2.0.0.202105311346/tools/bin/../lib/gcc/arm-none-eabi/9.3.1/../../../../arm-none-eabi/lib/thumb/v7e-m+fp/hard\libc_nano.a(lib_a-exit.o)
                              c:/st/stm32cubeide_1.7.0/stm32cubeide/plugins/com.st.stm32cube.ide.mcu.externaltools.gnu-tools-for-stm32.9-2020-q2-update.win32_2.0.0.202105311346/tools/bin/../lib/gcc/arm-none-eabi/9.3.1/../../../../arm-none-eabi/lib/thumb/v7e-m+fp/hard/crt0.o (exit)
c:/st/stm32cubeide_1.7.0/stm32cubeide/plugins/com.st.stm32cube.ide.mcu.externaltools.gnu-tools-for-stm32.9-2020-q2-update.win32_2.0.0.202105311346/tools/bin/../lib/gcc/arm-none-eabi/9.3.1/../../../../arm-none-eabi/lib/thumb/v7e-m+fp/hard\libc_nano.a(lib_a-impure.o)
                              c:/st/stm32cubeide_1.7.0/stm32cubeide/plugins/com.st.stm32cube.ide.mcu.externaltools.gnu-tools-for-stm32.9-2020-q2-update.win32_2.0.0.202105311346/tools/bin/../lib/gcc/arm-none-eabi/9.3.1/../../../../arm-none-eabi/lib/thumb/v7e-m+fp/hard\libc_nano.a(lib_a-exit.o) (_global_impure_ptr)
c:/st/stm32cubeide_1.7.0/stm32cubeide/plugins/com.st.stm32cube.ide.mcu.externaltools.gnu-tools-for-stm32.9-2020-q2-update.win32_2.0.0.202105311346/tools/bin/../lib/gcc/arm-none-eabi/9.3.1/../../../../arm-none-eabi/lib/thumb/v7e-m+fp/hard\libc_nano.a(lib_a-init.o)
                              c:/st/stm32cubeide_1.7.0/stm32cubeide/plugins/com.st.stm32cube.ide.mcu.externaltools.gnu-tools-for-stm32.9-2020-q2-update.win32_2.0.0.202105311346/tools/bin/../lib/gcc/arm-none-eabi/9.3.1/../../../../arm-none-eabi/lib/thumb/v7e-m+fp/hard/crt0.o (__libc_init_array)
c:/st/stm32cubeide_1.7.0/stm32cubeide/plugins/com.st.stm32cube.ide.mcu.externaltools.gnu-tools-for-stm32.9-2020-q2-update.win32_2.0.0.202105311346/tools/bin/../lib/gcc/arm-none-eabi/9.3.1/../../../../arm-none-eabi/lib/thumb/v7e-m+fp/hard\libc_nano.a(lib_a-memcpy-stub.o)
                              ./Core/Src/SX1278.o (memcpy)
c:/st/stm32cubeide_1.7.0/stm32cubeide/plugins/com.st.stm32cube.ide.mcu.externaltools.gnu-tools-for-stm32.9-2020-q2-update.win32_2.0.0.202105311346/tools/bin/../lib/gcc/arm-none-eabi/9.3.1/../../../../arm-none-eabi/lib/thumb/v7e-m+fp/hard\libc_nano.a(lib_a-memset.o)
                              c:/st/stm32cubeide_1.7.0/stm32cubeide/plugins/com.st.stm32cube.ide.mcu.externaltools.gnu-tools-for-stm32.9-2020-q2-update.win32_2.0.0.202105311346/tools/bin/../lib/gcc/arm-none-eabi/9.3.1/../../../../arm-none-eabi/lib/thumb/v7e-m+fp/hard/crt0.o (memset)
c:/st/stm32cubeide_1.7.0/stm32cubeide/plugins/com.st.stm32cube.ide.mcu.externaltools.gnu-tools-for-stm32.9-2020-q2-update.win32_2.0.0.202105311346/tools/bin/../lib/gcc/arm-none-eabi/9.3.1/../../../../arm-none-eabi/lib/thumb/v7e-m+fp/hard\libc_nano.a(lib_a-snprintf.o)
                              ./Core/Src/main.o (snprintf)
c:/st/stm32cubeide_1.7.0/stm32cubeide/plugins/com.st.stm32cube.ide.mcu.externaltools.gnu-tools-for-stm32.9-2020-q2-update.win32_2.0.0.202105311346/tools/bin/../lib/gcc/arm-none-eabi/9.3.1/../../../../arm-none-eabi/lib/thumb/v7e-m+fp/hard\libc_nano.a(lib_a-sprintf.o)
                              ./Core/Src/gsm.o (sprintf)
c:/st/stm32cubeide_1.7.0/stm32cubeide/plugins/com.st.stm32cube.ide.mcu.externaltools.gnu-tools-for-stm32.9-2020-q2-update.win32_2.0.0.202105311346/tools/bin/../lib/gcc/arm-none-eabi/9.3.1/../../../../arm-none-eabi/lib/thumb/v7e-m+fp/hard\libc_nano.a(lib_a-strcmp.o)
                              ./Core/Src/main.o (strcmp)
c:/st/stm32cubeide_1.7.0/stm32cubeide/plugins/com.st.stm32cube.ide.mcu.externaltools.gnu-tools-for-stm32.9-2020-q2-update.win32_2.0.0.202105311346/tools/bin/../lib/gcc/arm-none-eabi/9.3.1/../../../../arm-none-eabi/lib/thumb/v7e-m+fp/hard\libc_nano.a(lib_a-strlen.o)
                              ./Core/Src/main.o (strlen)
c:/st/stm32cubeide_1.7.0/stm32cubeide/plugins/com.st.stm32cube.ide.mcu.externaltools.gnu-tools-for-stm32.9-2020-q2-update.win32_2.0.0.202105311346/tools/bin/../lib/gcc/arm-none-eabi/9.3.1/../../../../arm-none-eabi/lib/thumb/v7e-m+fp/hard\libc_nano.a(lib_a-strncmp.o)
                              ./Core/Src/gps.o (strncmp)
c:/st/stm32cubeide_1.7.0/stm32cubeide/plugins/com.st.stm32cube.ide.mcu.externaltools.gnu-tools-for-stm32.9-2020-q2-update.win32_2.0.0.202105311346/tools/bin/../lib/gcc/arm-none-eabi/9.3.1/../../../../arm-none-eabi/lib/thumb/v7e-m+fp/hard\libc_nano.a(lib_a-nano-svfprintf.o)
[...]
Memory Configuration

Name             Origin             Length             Attributes
RAM              0x0000000020000000 0x0000000000018000 xrw
FLASH            0x0000000008000000 0x0000000000080000 xr
*default*        0x0000000000000000 0xffffffffffffffff

Linker script and memory map

LOAD c:/st/stm32cubeide_1.7.0/stm32cubeide/plugins/com.st.stm32cube.ide.mcu.externaltools.gnu-tools-for-stm32.9-2020-q2-update.win32_2.0.0.202105311346/tools/bin/../lib/gcc/arm-none-eabi/9.3.1/thumb/v7e-m+fp/hard/crti.o
LOAD c:/st/stm32cubeide_1.7.0/stm32cubeide/plugins/com.st.stm32cube.ide.mcu.externaltools.gnu-tools-for-stm32.9-2020-q2-update.win32_2.0.0.202105311346/tools/bin/../lib/gcc/arm-none-eabi/9.3.1/thumb/v7e-m+fp/hard/crtbegin.o
LOAD c:/st/stm32cubeide_1.7.0/stm32cubeide/plugins/com.st.stm32cube.ide.mcu.externaltools.gnu-tools-for-stm32.9-2020-q2-update.win32_2.0.0.202105311346/tools/bin/../lib/gcc/arm-none-eabi/9.3.1/../../../../arm-none-eabi/lib/thumb/v7e-m+fp/hard/crt0.o
LOAD ./Core/Src/SX1278.o
LOAD ./Core/Src/gps.o
LOAD ./Core/Src/gsm.o
LOAD ./Core/Src/lora.o
LOAD ./Core/Src/main.o
LOAD ./Core/Src/stm32f4xx_hal_msp.o
LOAD ./Core/Src/stm32f4xx_it.o
LOAD ./Core/Src/syscalls.o
LOAD ./Core/Src/sysmem.o
LOAD ./Core/Src/system_stm32f4xx.o
LOAD ./Core/Startup/startup_stm32f401ceux.o
LOAD ./Drivers/STM32F4xx_HAL_Driver/Src/stm32f4xx_hal.o
LOAD ./Drivers/STM32F4xx_HAL_Driver/Src/stm32f4xx_hal_cortex.o
LOAD ./Drivers/STM32F4xx_HAL_Driver/Src/stm32f4xx_hal_crc.o
LOAD ./Drivers/STM32F4xx_HAL_Driver/Src/stm32f4xx_hal_dma.o
LOAD ./Drivers/STM32F4xx_HAL_Driver/Src/stm32f4xx_hal_dma_ex.o
LOAD ./Drivers/STM32F4xx_HAL_Driver/Src/stm32f4xx_hal_exti.o
LOAD ./Drivers/STM32F4xx_HAL_Driver/Src/stm32f4xx_hal_flash.o
LOAD ./Drivers/STM32F4xx_HAL_Driver/Src/stm32f4xx_hal_flash_ex.o
LOAD ./Drivers/STM32F4xx_HAL_Driver/Src/stm32f4xx_hal_flash_ramfunc.o
LOAD ./Drivers/STM32F4xx_HAL_Driver/Src/stm32f4xx_hal_gpio.o
LOAD ./Drivers/STM32F4xx_HAL_Driver/Src/stm32f4xx_hal_pwr.o
LOAD ./Drivers/STM32F4xx_HAL_Driver/Src/stm32f4xx_hal_pwr_ex.o
LOAD ./Drivers/STM32F4xx_HAL_Driver/Src/stm32f4xx_hal_rcc.o
LOAD ./Drivers/STM32F4xx_HAL_Driver/Src/stm32f4xx_hal_rcc_ex.o
LOAD ./Drivers/STM32F4xx_HAL_Driver/Src/stm32f4xx_hal_spi.o
LOAD ./Drivers/STM32F4xx_HAL_Driver/Src/stm32f4xx_hal_tim.o
LOAD ./Drivers/STM32F4xx_HAL_Driver/Src/stm32f4xx_hal_tim_ex.o
LOAD ./Drivers/STM32F4xx_HAL_Driver/Src/stm32f4xx_hal_uart.o
START GROUP
LOAD c:/st/stm32cubeide_1.7.0/stm32cubeide/plugins/com.st.stm32cube.ide.mcu.externaltools.gnu-tools-for-stm32.9-2020-q2-update.win32_2.0.0.202105311346/tools/bin/../lib/gcc/arm-none-eabi/9.3.1/../../../../arm-none-eabi/lib/thumb/v7e-m+fp/hard\libc_nano.a
LOAD c:/st/stm32cubeide_1.7.0/stm32cubeide/plugins/com.st.stm32cube.ide.mcu.externaltools.gnu-tools-for-stm32.9-2020-q2-update.win32_2.0.0.202105311346/tools/bin/../lib/gcc/arm-none-eabi/9.3.1/../../../../arm-none-eabi/lib/thumb/v7e-m+fp/hard\libm.a
END GROUP
START GROUP
LOAD c:/st/stm32cubeide_1.7.0/stm32cubeide/plugins/com.st.stm32cube.ide.mcu.externaltools.gnu-tools-for-stm32.9-2020-q2-update.win32_2.0.0.202105311346/tools/bin/../lib/gcc/arm-none-eabi/9.3.1/thumb/v7e-m+fp/hard\libgcc.a
LOAD c:/st/stm32cubeide_1.7.0/stm32cubeide/plugins/com.st.stm32cube.ide.mcu.externaltools.gnu-tools-for-stm32.9-2020-q2-update.win32_2.0.0.202105311346/tools/bin/../lib/gcc/arm-none-eabi/9.3.1/../../../../arm-none-eabi/lib/thumb/v7e-m+fp/hard\libc_nano.a
END GROUP
START GROUP
LOAD c:/st/stm32cubeide_1.7.0/stm32cubeide/plugins/com.st.stm32cube.ide.mcu.externaltools.gnu-tools-for-stm32.9-2020-q2-update.win32_2.0.0.202105311346/tools/bin/../lib/gcc/arm-none-eabi/9.3.1/thumb/v7e-m+fp/hard\libgcc.a
LOAD c:/st/stm32cubeide_1.7.0/stm32cubeide/plugins/com.st.stm32cube.ide.mcu.externaltools.gnu-tools-for-stm32.9-2020-q2-update.win32_2.0.0.202105311346/tools/bin/../lib/gcc/arm-none-eabi/9.3.1/../../../../arm-none-eabi/lib/thumb/v7e-m+fp/hard\libc_nano.a
LOAD c:/st/stm32cubeide_1.7.0/stm32cubeide/plugins/com.st.stm32cube.ide.mcu.externaltools.gnu-tools-for-stm32.9-2020-q2-update.win32_2.0.0.202105311346/tools/bin/../lib/gcc/arm-none-eabi/9.3.1/../../../../arm-none-eabi/lib/thumb/v7e-m+fp/hard\libnosys.a
END GROUP
START GROUP
LOAD c:/st/stm32cubeide_1.7.0/stm32cubeide/plugins/com.st.stm32cube.ide.mcu.externaltools.gnu-tools-for-stm32.9-2020-q2-update.win32_2.0.0.202105311346/tools/bin/../lib/gcc/arm-none-eabi/9.3.1/thumb/v7e-m+fp/hard\libgcc.a
LOAD c:/st/stm32cubeide_1.7.0/stm32cubeide/plugins/com.st.stm32cube.ide.mcu.externaltools.gnu-tools-for-stm32.9-2020-q2-update.win32_2.0.0.202105311346/tools/bin/../lib/gcc/arm-none-eabi/9.3.1/../../../../arm-none-eabi/lib/thumb/v7e-m+fp/hard\libc_nano.a
LOAD c:/st/stm32cubeide_1.7.0/stm32cubeide/plugins/com.st.stm32cube.ide.mcu.externaltools.gnu-tools-for-stm32.9-2020-q2-update.win32_2.0.0.202105311346/tools/bin/../lib/gcc/arm-none-eabi/9.3.1/../../../../arm-none-eabi/lib/thumb/v7e-m+fp/hard\libnosys.a
END GROUP
LOAD c:/st/stm32cubeide_1.7.0/stm32cubeide/plugins/com.st.stm32cube.ide.mcu.externaltools.gnu-tools-for-stm32.9-2020-q2-update.win32_2.0.0.202105311346/tools/bin/../lib/gcc/arm-none-eabi/9.3.1/thumb/v7e-m+fp/hard/crtend.o
LOAD c:/st/stm32cubeide_1.7.0/stm32cubeide/plugins/com.st.stm32cube.ide.mcu.externaltools.gnu-tools-for-stm32.9-2020-q2-update.win32_2.0.0.202105311346/tools/bin/../lib/gcc/arm-none-eabi/9.3.1/thumb/v7e-m+fp/hard/crtn.o
                0x0000000020018000                _estack = (ORIGIN (RAM) + LENGTH (RAM))
                0x0000000000000200                _Min_Heap_Size = 0x200
                0x0000000000000400                _Min_Stack_Size = 0x400

.isr_vector     0x0000000008000000      0x194
                0x0000000008000000                . = ALIGN (0x4)
 *(.isr_vector)
 .isr_vector    0x0000000008000000      0x194 ./Core/Startup/startup_stm32f401ceux.o
                0x0000000008000000                g_pfnVectors
                0x0000000008000194                . = ALIGN (0x4)

.text           0x00000000080001a0     0x6754
                0x00000000080001a0                . = ALIGN (0x4)
 *(.text)
 .text          0x00000000080001a0       0x40 c:/st/stm32cubeide_1.7.0/stm32cubeide/plugins/com.st.stm32cube.ide.mcu.externaltools.gnu-tools-for-stm32.9-2020-q2-update.win32_2.0.0.202105311346/tools/bin/../lib/gcc/arm-none-eabi/9.3.1/thumb/v7e-m+fp/hard/crtbegin.o
 .text          0x00000000080001e0       0x14 c:/st/stm32cubeide_1.7.0/stm32cubeide/plugins/com.st.stm32cube.ide.mcu.externaltools.gnu-tools-for-stm32.9-2020-q2-update.win32_2.0.0.202105311346/tools/bin/../lib/gcc/arm-none-eabi/9.3.1/../../../../arm-none-eabi/lib/thumb/v7e-m+fp/hard\libc_nano.a(lib_a-strcmp.o)
                0x00000000080001e0                strcmp
 .text          0x00000000080001f4       0x10 c:/st/stm32cubeide_1.7.0/stm32cubeide/plugins/com.st.stm32cube.ide.mcu.externaltools.gnu-tools-for-stm32.9-2020-q2-update.win32_2.0.0.202105311346/tools/bin/../lib/gcc/arm-none-eabi/9.3.1/../../../../arm-none-eabi/lib/thumb/v7e-m+fp/hard\libc_nano.a(lib_a-strlen.o)
                0x00000000080001f4                strlen
 *fill*         0x0000000008000204        0xc 
 .text          0x0000000008000210       0xa0 c:/st/stm32cubeide_1.7.0/stm32cubeide/plugins/com.st.stm32cube.ide.mcu.externaltools.gnu-tools-for-stm32.9-2020-q2-update.win32_2.0.0.202105311346/tools/bin/../lib/gcc/arm-none-eabi/9.3.1/../../../../arm-none-eabi/lib/thumb/v7e-m+fp/hard\libc_nano.a(lib_a-memchr.o)
                0x0000000008000210                memchr
 .text          0x00000000080002b0       0x30 c:/st/stm32cubeide_1.7.0/stm32cubeide/plugins/com.st.stm32cube.ide.mcu.externaltools.gnu-tools-for-stm32.9-2020-q2-update.win32_2.0.0.202105311346/tools/bin/../lib/gcc/arm-none-eabi/9.3.1/thumb/v7e-m+fp/hard\libgcc.a(_aeabi_uldivmod.o)
                0x00000000080002b0                __aeabi_uldivmod
 .text          0x00000000080002e0      0x2c4 c:/st/stm32cubeide_1.7.0/stm32cubeide/plugins/com.st.stm32cube.ide.mcu.externaltools.gnu-tools-for-stm32.9-2020-q2-update.win32_2.0.0.202105311346/tools/bin/../lib/gcc/arm-none-eabi/9.3.1/thumb/v7e-m+fp/hard\libgcc.a(_udivmoddi4.o)
                0x00000000080002e0                __udivmoddi4
 .text          0x00000000080005a4        0x4 c:/st/stm32cubeide_1.7.0/stm32cubeide/plugins/com.st.stm32cube.ide.mcu.externaltools.gnu-tools-for-stm32.9-2020-q2-update.win32_2.0.0.202105311346/tools/bin/../lib/gcc/arm-none-eabi/9.3.1/thumb/v7e-m+fp/hard\libgcc.a(_dvmd_tls.o)
                0x00000000080005a4                __aeabi_idiv0
                0x00000000080005a4                __aeabi_ldiv0
 *(.text*)
 .text.SX1278_hw_init
                0x00000000080005a8       0x2a ./Core/Src/SX1278.o
                0x00000000080005a8                SX1278_hw_init
 .text.SX1278_hw_SetNSS
                0x00000000080005d2       0x2e ./Core/Src/SX1278.o
                0x00000000080005d2                SX1278_hw_SetNSS
 .text.SX1278_hw_Reset
                0x0000000008000600       0x48 ./Core/Src/SX1278.o
                0x0000000008000600                SX1278_hw_Reset
 .text.SX1278_hw_SPICommand
                0x0000000008000648       0x40 ./Core/Src/SX1278.o
                0x0000000008000648                SX1278_hw_SPICommand
 .text.SX1278_hw_SPIReadByte
                0x0000000008000688       0x4c ./Core/Src/SX1278.o
                0x0000000008000688                SX1278_hw_SPIReadByte
 .text.SX1278_hw_DelayMs
                0x00000000080006d4       0x16 ./Core/Src/SX1278.o
                0x00000000080006d4                SX1278_hw_DelayMs
 .text.SX1278_SPIRead
                0x00000000080006ea       0x3e ./Core/Src/SX1278.o
                0x00000000080006ea                SX1278_SPIRead
 .text.SX1278_SPIWrite
                0x0000000008000728       0x52 ./Core/Src/SX1278.o
                0x0000000008000728                SX1278_SPIWrite
 .text.SX1278_SPIBurstWrite
                0x000000000800077a       0x76 ./Core/Src/SX1278.o
                0x000000000800077a                SX1278_SPIBurstWrite
 .text.SX1278_defaultConfig
                0x00000000080007f0       0x2a ./Core/Src/SX1278.o
                0x00000000080007f0                SX1278_defaultConfig
 *fill*         0x000000000800081a        0x2 
 .text.SX1278_config
                0x000000000800081c      0x148 ./Core/Src/SX1278.o
                0x000000000800081c                SX1278_config
 .text.SX1278_RTTY_Config
                0x0000000008000964       0x58 ./Core/Src/SX1278.o
                0x0000000008000964                SX1278_RTTY_Config
 .text.SX1278_RTTY_Stop
                0x00000000080009bc       0x36 ./Core/Src/SX1278.o
                0x00000000080009bc                SX1278_RTTY_Stop
 .text.SX1278_RTTY_WriteLow
                0x00000000080009f2       0x50 ./Core/Src/SX1278.o
                0x00000000080009f2                SX1278_RTTY_WriteLow
 .text.SX1278_RTTY_WriteHigh
                0x0000000008000a42       0x50 ./Core/Src/SX1278.o
                0x0000000008000a42                SX1278_RTTY_WriteHigh
 *fill*         0x0000000008000a92        0x2 
 .text.SX1278_FSK_Config
                0x0000000008000a94       0x6c ./Core/Src/SX1278.o
                0x0000000008000a94                SX1278_FSK_Config
 .text.SX1278_standby
                0x0000000008000b00       0x20 ./Core/Src/SX1278.o
                0x0000000008000b00                SX1278_standby
 .text.SX1278_sleep
                0x0000000008000b20       0x20 ./Core/Src/SX1278.o
                0x0000000008000b20                SX1278_sleep
 .text.SX1278_entryLoRa
                0x0000000008000b40       0x1a ./Core/Src/SX1278.o
                0x0000000008000b40                SX1278_entryLoRa
 .text.SX1278_clearLoRaIrq
                0x0000000008000b5a       0x1a ./Core/Src/SX1278.o
                0x0000000008000b5a                SX1278_clearLoRaIrq
 .text.SX1278_FSK_EntryRx
                0x0000000008000b74       0x5e ./Core/Src/SX1278.o
                0x0000000008000b74                SX1278_FSK_EntryRx
 .text.SX1278_FSK_EntryTx
                0x0000000008000bd2       0x6a ./Core/Src/SX1278.o
                0x0000000008000bd2                SX1278_FSK_EntryTx
 .text.SX1278_LoRaEntryRx
                0x0000000008000c3c       0xca ./Core/Src/SX1278.o
                0x0000000008000c3c                SX1278_LoRaEntryRx
 *fill*         0x0000000008000d06        0x2 
 .text.SX1278_FSK_TxPacket
                0x0000000008000d08       0x9c ./Core/Src/SX1278.o
                0x0000000008000d08                SX1278_FSK_TxPacket
 .text.SX1278_FSK_RxPacket
                0x0000000008000da4       0xbc ./Core/Src/SX1278.o
                0x0000000008000da4                SX1278_FSK_RxPacket
 .text.SX1278_begin
                0x0000000008000e60       0x50 ./Core/Src/SX1278.o
                0x0000000008000e60                SX1278_begin
 .text.GPS_Receive
                0x0000000008000eb0       0x70 ./Core/Src/gps.o
                0x0000000008000eb0                GPS_Receive
 .text.GPS_Parse
                0x0000000008000f20      0x3f4 ./Core/Src/gps.o
                0x0000000008000f20                GPS_Parse
 .text.GPS_CheckSum
                0x0000000008001314       0x68 ./Core/Src/gps.o
                0x0000000008001314                GPS_CheckSum
 .text.GPS_HexToByte
                0x000000000800137c       0xce ./Core/Src/gps.o
                0x000000000800137c                GPS_HexToByte
 *fill*         0x000000000800144a        0x2 
 .text.GPS_GetLat
                0x000000000800144c       0x44 ./Core/Src/gps.o
                0x000000000800144c                GPS_GetLat
 .text.GPS_GetLon
                0x0000000008001490       0x48 ./Core/Src/gps.o
                0x0000000008001490                GPS_GetLon
 .text.GPS_GetSpe
                0x00000000080014d8       0x44 ./Core/Src/gps.o
                0x00000000080014d8                GPS_GetSpe
 .text.GPS_GetHei
                0x000000000800151c       0x44 ./Core/Src/gps.o
                0x000000000800151c                GPS_GetHei
 .text.GPS_GetTime
                0x0000000008001560       0x78 ./Core/Src/gps.o
                0x0000000008001560                GPS_GetTime
 .text.GPS_IsData
                0x00000000080015d8       0x28 ./Core/Src/gps.o
                0x00000000080015d8                GPS_IsData
 .text.GSM_InitUart
                0x0000000008001600       0x30 ./Core/Src/gsm.o
                0x0000000008001600                GSM_InitUart
 .text.GSM_Off  0x0000000008001630       0x40 ./Core/Src/gsm.o
                0x0000000008001630                GSM_Off
 .text.main     0x0000000008001670      0x2b4 ./Core/Src/main.o
                0x0000000008001670                main
 .text.SystemClock_Config
                0x0000000008001924       0xd4 ./Core/Src/main.o
                0x0000000008001924                SystemClock_Config
 .text.MX_CRC_Init
                0x00000000080019f8       0x28 ./Core/Src/main.o
 .text.MX_SPI1_Init
                0x0000000008001a20       0x6c ./Core/Src/main.o
 .text.MX_TIM2_Init
                0x0000000008001a8c       0x9c ./Core/Src/main.o
 .text.MX_TIM3_Init
                0x0000000008001b28       0x98 ./Core/Src/main.o
 .text.MX_TIM4_Init
                0x0000000008001bc0       0x9c ./Core/Src/main.o
 .text.MX_USART1_UART_Init
                0x0000000008001c5c       0x54 ./Core/Src/main.o
 .text.MX_USART2_UART_Init
                0x0000000008001cb0       0x54 ./Core/Src/main.o
 .text.MX_USART6_UART_Init
                0x0000000008001d04       0x54 ./Core/Src/main.o
 .text.MX_DMA_Init
                0x0000000008001d58       0x40 ./Core/Src/main.o
 .text.MX_GPIO_Init
                0x0000000008001d98      0x1a0 ./Core/Src/main.o
 .text.HAL_UART_RxCpltCallback
                0x0000000008001f38      0x120 ./Core/Src/main.o
                0x0000000008001f38                HAL_UART_RxCpltCallback
 .text.HAL_UART_ErrorCallback
                0x0000000008002058       0x50 ./Core/Src/main.o
                0x0000000008002058                HAL_UART_ErrorCallback
 .text.MODE_Set
                0x00000000080020a8       0x3e ./Core/Src/main.o
                0x00000000080020a8                MODE_Set
 *fill*         0x00000000080020e6        0x2 
 .text.HAL_TIM_PeriodElapsedCallback
                0x00000000080020e8       0xbc ./Core/Src/main.o
                0x00000000080020e8                HAL_TIM_PeriodElapsedCallback
 .text.HAL_GPIO_EXTI_Callback
                0x00000000080021a4       0x20 ./Core/Src/main.o
                0x00000000080021a4                HAL_GPIO_EXTI_Callback
 .text.RTTY_Send
                0x00000000080021c4       0x6c ./Core/Src/main.o
                0x00000000080021c4                RTTY_Send
 .text.RTTY_SendSingle
                0x0000000008002230       0x6a ./Core/Src/main.o
                0x0000000008002230                RTTY_SendSingle
 .text.get_check_sum
                0x000000000800229a       0x3e ./Core/Src/main.o
                0x000000000800229a                get_check_sum
 .text.make_string
                0x00000000080022d8       0xc8 ./Core/Src/main.o
                0x00000000080022d8                make_string
 .text.Error_Handler
                0x00000000080023a0        0xa ./Core/Src/main.o
                0x00000000080023a0                Error_Handler
 *fill*         0x00000000080023aa        0x2 
 .text.HAL_MspInit
                0x00000000080023ac       0x50 ./Core/Src/stm32f4xx_hal_msp.o
                0x00000000080023ac                HAL_MspInit
 .text.HAL_CRC_MspInit
                0x00000000080023fc       0x44 ./Core/Src/stm32f4xx_hal_msp.o
                0x00000000080023fc                HAL_CRC_MspInit
 .text.HAL_SPI_MspInit
                0x0000000008002440       0x90 ./Core/Src/stm32f4xx_hal_msp.o
                0x0000000008002440                HAL_SPI_MspInit
 .text.HAL_TIM_Base_MspInit
                0x00000000080024d0       0xc4 ./Core/Src/stm32f4xx_hal_msp.o
                0x00000000080024d0                HAL_TIM_Base_MspInit
 .text.HAL_UART_MspInit
                0x0000000008002594      0x1f8 ./Core/Src/stm32f4xx_hal_msp.o
                0x0000000008002594                HAL_UART_MspInit
 .text.NMI_Handler
                0x000000000800278c        0x6 ./Core/Src/stm32f4xx_it.o
                0x000000000800278c                NMI_Handler
 .text.HardFault_Handler
                0x0000000008002792        0x6 ./Core/Src/stm32f4xx_it.o
                0x0000000008002792                HardFault_Handler
 .text.MemManage_Handler
                0x0000000008002798        0x6 ./Core/Src/stm32f4xx_it.o
                0x0000000008002798                MemManage_Handler
 .text.BusFault_Handler
                0x000000000800279e        0x6 ./Core/Src/stm32f4xx_it.o
                0x000000000800279e                BusFault_Handler
 .text.UsageFault_Handler
                0x00000000080027a4        0x6 ./Core/Src/stm32f4xx_it.o
                0x00000000080027a4                UsageFault_Handler
 .text.SVC_Handler
                0x00000000080027aa        0xe ./Core/Src/stm32f4xx_it.o
                0x00000000080027aa                SVC_Handler
 .text.DebugMon_Handler
                0x00000000080027b8        0xe ./Core/Src/stm32f4xx_it.o
                0x00000000080027b8                DebugMon_Handler
 .text.PendSV_Handler
                0x00000000080027c6        0xe ./Core/Src/stm32f4xx_it.o
                0x00000000080027c6                PendSV_Handler
 .text.SysTick_Handler
                0x00000000080027d4        0xc ./Core/Src/stm32f4xx_it.o
                0x00000000080027d4                SysTick_Handler
 .text.EXTI9_5_IRQHandler
                0x00000000080027e0        0xe ./Core/Src/stm32f4xx_it.o
                0x00000000080027e0                EXTI9_5_IRQHandler
 *fill*         0x00000000080027ee        0x2 
 .text.TIM2_IRQHandler
                0x00000000080027f0       0x14 ./Core/Src/stm32f4xx_it.o
                0x00000000080027f0                TIM2_IRQHandler
 .text.TIM3_IRQHandler
                0x0000000008002804       0x14 ./Core/Src/stm32f4xx_it.o
                0x0000000008002804                TIM3_IRQHandler
 .text.TIM4_IRQHandler
                0x0000000008002818       0x14 ./Core/Src/stm32f4xx_it.o
                0x0000000008002818                TIM4_IRQHandler
 .text.USART1_IRQHandler
                0x000000000800282c       0x14 ./Core/Src/stm32f4xx_it.o
                0x000000000800282c                USART1_IRQHandler
 .text.USART2_IRQHandler
                0x0000000008002840       0x14 ./Core/Src/stm32f4xx_it.o
                0x0000000008002840                USART2_IRQHandler
 .text.DMA2_Stream2_IRQHandler
                0x0000000008002854       0x14 ./Core/Src/stm32f4xx_it.o
                0x0000000008002854                DMA2_Stream2_IRQHandler
 .text.USART6_IRQHandler
                0x0000000008002868       0x14 ./Core/Src/stm32f4xx_it.o
                0x0000000008002868                USART6_IRQHandler
 .text._sbrk    0x000000000800287c       0x6c ./Core/Src/sysmem.o
                0x000000000800287c                _sbrk
 .text.SystemInit
                0x00000000080028e8       0x24 ./Core/Src/system_stm32f4xx.o
                0x00000000080028e8                SystemInit
 .text.Reset_Handler
                0x000000000800290c       0x50 ./Core/Startup/startup_stm32f401ceux.o
                0x000000000800290c                Reset_Handler
 .text.Default_Handler
                0x000000000800295c        0x2 ./Core/Startup/startup_stm32f401ceux.o
                0x000000000800295c                RTC_Alarm_IRQHandler
                0x000000000800295c                EXTI2_IRQHandler
                0x000000000800295c                SPI4_IRQHandler
                0x000000000800295c                TIM1_CC_IRQHandler
                0x000000000800295c                DMA2_Stream5_IRQHandler
                0x000000000800295c                DMA1_Stream5_IRQHandler
                0x000000000800295c                PVD_IRQHandler
                0x000000000800295c                SDIO_IRQHandler
                0x000000000800295c                TAMP_STAMP_IRQHandler
                0x000000000800295c                EXTI3_IRQHandler
                0x000000000800295c                TIM1_UP_TIM10_IRQHandler
                0x000000000800295c                I2C3_ER_IRQHandler
                0x000000000800295c                EXTI0_IRQHandler
                0x000000000800295c                I2C2_EV_IRQHandler
                0x000000000800295c                DMA1_Stream2_IRQHandler
                0x000000000800295c                FPU_IRQHandler
                0x000000000800295c                SPI1_IRQHandler
                0x000000000800295c                TIM1_BRK_TIM9_IRQHandler
                0x000000000800295c                DMA2_Stream3_IRQHandler
                0x000000000800295c                DMA2_Stream0_IRQHandler
                0x000000000800295c                I2C1_EV_IRQHandler
                0x000000000800295c                DMA1_Stream6_IRQHandler
                0x000000000800295c                DMA1_Stream1_IRQHandler
                0x000000000800295c                RCC_IRQHandler
                0x000000000800295c                Default_Handler
                0x000000000800295c                EXTI15_10_IRQHandler
                0x000000000800295c                ADC_IRQHandler
                0x000000000800295c                DMA1_Stream7_IRQHandler
                0x000000000800295c                TIM5_IRQHandler
                0x000000000800295c                DMA2_Stream7_IRQHandler
                0x000000000800295c                I2C3_EV_IRQHandler
                0x000000000800295c                RTC_WKUP_IRQHandler
                0x000000000800295c                SPI2_IRQHandler
                0x000000000800295c                DMA1_Stream0_IRQHandler
                0x000000000800295c                EXTI4_IRQHandler
                0x000000000800295c                WWDG_IRQHandler
                0x000000000800295c                OTG_FS_WKUP_IRQHandler
                0x000000000800295c                TIM1_TRG_COM_TIM11_IRQHandler
                0x000000000800295c                EXTI1_IRQHandler
                0x000000000800295c                I2C2_ER_IRQHandler
                0x000000000800295c                DMA2_Stream1_IRQHandler
                0x000000000800295c                FLASH_IRQHandler
                0x000000000800295c                DMA2_Stream4_IRQHandler
                0x000000000800295c                OTG_FS_IRQHandler
                0x000000000800295c                SPI3_IRQHandler
                0x000000000800295c                DMA1_Stream4_IRQHandler
                0x000000000800295c                I2C1_ER_IRQHandler
                0x000000000800295c                DMA2_Stream6_IRQHandler
                0x000000000800295c                DMA1_Stream3_IRQHandler
 *fill*         0x000000000800295e        0x2 
 .text.HAL_Init
                0x0000000008002960       0x44 ./Drivers/STM32F4xx_HAL_Driver/Src/stm32f4xx_hal.o
                0x0000000008002960                HAL_Init
 .text.HAL_InitTick
                0x00000000080029a4       0x60 ./Drivers/STM32F4xx_HAL_Driver/Src/stm32f4xx_hal.o
                0x00000000080029a4                HAL_InitTick
 .text.HAL_IncTick
                0x0000000008002a04       0x28 ./Drivers/STM32F4xx_HAL_Driver/Src/stm32f4xx_hal.o
                0x0000000008002a04                HAL_IncTick
 .text.HAL_GetTick
                0x0000000008002a2c       0x18 ./Drivers/STM32F4xx_HAL_Driver/Src/stm32f4xx_hal.o
                0x0000000008002a2c                HAL_GetTick
 .text.HAL_Delay
                0x0000000008002a44       0x48 ./Drivers/STM32F4xx_HAL_Driver/Src/stm32f4xx_hal.o
                0x0000000008002a44                HAL_Delay
 .text.__NVIC_SetPriorityGrouping
                0x0000000008002a8c       0x48 ./Drivers/STM32F4xx_HAL_Driver/Src/stm32f4xx_hal_cortex.o
 .text.__NVIC_GetPriorityGrouping
                0x0000000008002ad4       0x1c ./Drivers/STM32F4xx_HAL_Driver/Src/stm32f4xx_hal_cortex.o
 .text.__NVIC_EnableIRQ
                0x0000000008002af0       0x3c ./Drivers/STM32F4xx_HAL_Driver/Src/stm32f4xx_hal_cortex.o
 .text.__NVIC_SetPriority
                0x0000000008002b2c       0x54 ./Drivers/STM32F4xx_HAL_Driver/Src/stm32f4xx_hal_cortex.o
 .text.NVIC_EncodePriority
                0x0000000008002b80       0x66 ./Drivers/STM32F4xx_HAL_Driver/Src/stm32f4xx_hal_cortex.o
 *fill*         0x0000000008002be6        0x2 
 .text.SysTick_Config
                0x0000000008002be8       0x44 ./Drivers/STM32F4xx_HAL_Driver/Src/stm32f4xx_hal_cortex.o
 .text.HAL_NVIC_SetPriorityGrouping
                0x0000000008002c2c       0x16 ./Drivers/STM32F4xx_HAL_Driver/Src/stm32f4xx_hal_cortex.o
                0x0000000008002c2c                HAL_NVIC_SetPriorityGrouping
 .text.HAL_NVIC_SetPriority
                0x0000000008002c42       0x38 ./Drivers/STM32F4xx_HAL_Driver/Src/stm32f4xx_hal_cortex.o
                0x0000000008002c42                HAL_NVIC_SetPriority
 .text.HAL_NVIC_EnableIRQ
                0x0000000008002c7a       0x1c ./Drivers/STM32F4xx_HAL_Driver/Src/stm32f4xx_hal_cortex.o
                0x0000000008002c7a                HAL_NVIC_EnableIRQ
 .text.HAL_SYSTICK_Config
                0x0000000008002c96       0x18 ./Drivers/STM32F4xx_HAL_Driver/Src/stm32f4xx_hal_cortex.o
                0x0000000008002c96                HAL_SYSTICK_Config
 .text.HAL_CRC_Init
                0x0000000008002cae       0x38 ./Drivers/STM32F4xx_HAL_Driver/Src/stm32f4xx_hal_crc.o
                0x0000000008002cae                HAL_CRC_Init
 *fill*         0x0000000008002ce6        0x2 
 .text.HAL_DMA_Init
                0x0000000008002ce8      0x15c ./Drivers/STM32F4xx_HAL_Driver/Src/stm32f4xx_hal_dma.o
                0x0000000008002ce8                HAL_DMA_Init
 .text.HAL_DMA_Abort
                0x0000000008002e44       0xe0 ./Drivers/STM32F4xx_HAL_Driver/Src/stm32f4xx_hal_dma.o
                0x0000000008002e44                HAL_DMA_Abort
 .text.HAL_DMA_Abort_IT
                0x0000000008002f24       0x44 ./Drivers/STM32F4xx_HAL_Driver/Src/stm32f4xx_hal_dma.o
                0x0000000008002f24                HAL_DMA_Abort_IT
 .text.HAL_DMA_IRQHandler
                0x0000000008002f68      0x314 ./Drivers/STM32F4xx_HAL_Driver/Src/stm32f4xx_hal_dma.o
                0x0000000008002f68                HAL_DMA_IRQHandler
 .text.DMA_CalcBaseAndBitshift
                0x000000000800327c       0x6c ./Drivers/STM32F4xx_HAL_Driver/Src/stm32f4xx_hal_dma.o
 .text.DMA_CheckFifoParam
                0x00000000080032e8       0xf8 ./Drivers/STM32F4xx_HAL_Driver/Src/stm32f4xx_hal_dma.o
 .text.HAL_GPIO_Init
                0x00000000080033e0      0x308 ./Drivers/STM32F4xx_HAL_Driver/Src/stm32f4xx_hal_gpio.o
                0x00000000080033e0                HAL_GPIO_Init
 .text.HAL_GPIO_ReadPin
                0x00000000080036e8       0x30 ./Drivers/STM32F4xx_HAL_Driver/Src/stm32f4xx_hal_gpio.o
                0x00000000080036e8                HAL_GPIO_ReadPin
 .text.HAL_GPIO_WritePin
                0x0000000008003718       0x32 ./Drivers/STM32F4xx_HAL_Driver/Src/stm32f4xx_hal_gpio.o
                0x0000000008003718                HAL_GPIO_WritePin
 *fill*         0x000000000800374a        0x2 
 .text.HAL_GPIO_EXTI_IRQHandler
                0x000000000800374c       0x30 ./Drivers/STM32F4xx_HAL_Driver/Src/stm32f4xx_hal_gpio.o
                0x000000000800374c                HAL_GPIO_EXTI_IRQHandler
 .text.HAL_RCC_OscConfig
                0x000000000800377c      0x4f0 ./Drivers/STM32F4xx_HAL_Driver/Src/stm32f4xx_hal_rcc.o
                0x000000000800377c                HAL_RCC_OscConfig
 .text.HAL_RCC_ClockConfig
                0x0000000008003c6c      0x1cc ./Drivers/STM32F4xx_HAL_Driver/Src/stm32f4xx_hal_rcc.o
                0x0000000008003c6c                HAL_RCC_ClockConfig
 .text.HAL_RCC_GetSysClockFreq
                0x0000000008003e38      0x1c4 ./Drivers/STM32F4xx_HAL_Driver/Src/stm32f4xx_hal_rcc.o
                0x0000000008003e38                HAL_RCC_GetSysClockFreq
 .text.HAL_RCC_GetHCLKFreq
                0x0000000008003ffc       0x18 ./Drivers/STM32F4xx_HAL_Driver/Src/stm32f4xx_hal_rcc.o
                0x0000000008003ffc                HAL_RCC_GetHCLKFreq
 .text.HAL_RCC_GetPCLK1Freq
                0x0000000008004014       0x28 ./Drivers/STM32F4xx_HAL_Driver/Src/stm32f4xx_hal_rcc.o
                0x0000000008004014                HAL_RCC_GetPCLK1Freq
 .text.HAL_RCC_GetPCLK2Freq
                0x000000000800403c       0x28 ./Drivers/STM32F4xx_HAL_Driver/Src/stm32f4xx_hal_rcc.o
                0x000000000800403c                HAL_RCC_GetPCLK2Freq
 .text.HAL_SPI_Init
                0x0000000008004064      0x112 ./Drivers/STM32F4xx_HAL_Driver/Src/stm32f4xx_hal_spi.o
                0x0000000008004064                HAL_SPI_Init
 .text.HAL_SPI_Transmit
                0x0000000008004176      0x278 ./Drivers/STM32F4xx_HAL_Driver/Src/stm32f4xx_hal_spi.o
                0x0000000008004176                HAL_SPI_Transmit
 .text.HAL_SPI_TransmitReceive
                0x00000000080043ee      0x344 ./Drivers/STM32F4xx_HAL_Driver/Src/stm32f4xx_hal_spi.o
                0x00000000080043ee                HAL_SPI_TransmitReceive
 .text.HAL_SPI_GetState
                0x0000000008004732       0x1c ./Drivers/STM32F4xx_HAL_Driver/Src/stm32f4xx_hal_spi.o
                0x0000000008004732                HAL_SPI_GetState
 *fill*         0x000000000800474e        0x2 
 .text.SPI_WaitFlagStateUntilTimeout
                0x0000000008004750      0x110 ./Drivers/STM32F4xx_HAL_Driver/Src/stm32f4xx_hal_spi.o
 .text.SPI_EndRxTxTransaction
                0x0000000008004860       0x84 ./Drivers/STM32F4xx_HAL_Driver/Src/stm32f4xx_hal_spi.o
 .text.HAL_TIM_Base_Init
                0x00000000080048e4       0x9e ./Drivers/STM32F4xx_HAL_Driver/Src/stm32f4xx_hal_tim.o
                0x00000000080048e4                HAL_TIM_Base_Init
 *fill*         0x0000000008004982        0x2 
 .text.HAL_TIM_Base_Start_IT
                0x0000000008004984       0xc4 ./Drivers/STM32F4xx_HAL_Driver/Src/stm32f4xx_hal_tim.o
                0x0000000008004984                HAL_TIM_Base_Start_IT
 .text.HAL_TIM_Base_Stop_IT
                0x0000000008004a48       0x5e ./Drivers/STM32F4xx_HAL_Driver/Src/stm32f4xx_hal_tim.o
                0x0000000008004a48                HAL_TIM_Base_Stop_IT
 .text.HAL_TIM_IRQHandler
                0x0000000008004aa6      0x210 ./Drivers/STM32F4xx_HAL_Driver/Src/stm32f4xx_hal_tim.o
                0x0000000008004aa6                HAL_TIM_IRQHandler
 .text.HAL_TIM_ConfigClockSource
                0x0000000008004cb6      0x18e ./Drivers/STM32F4xx_HAL_Driver/Src/stm32f4xx_hal_tim.o
                0x0000000008004cb6                HAL_TIM_ConfigClockSource
 .text.HAL_TIM_OC_DelayElapsedCallback
                0x0000000008004e44       0x14 ./Drivers/STM32F4xx_HAL_Driver/Src/stm32f4xx_hal_tim.o
                0x0000000008004e44                HAL_TIM_OC_DelayElapsedCallback
 .text.HAL_TIM_IC_CaptureCallback
                0x0000000008004e58       0x14 ./Drivers/STM32F4xx_HAL_Driver/Src/stm32f4xx_hal_tim.o
                0x0000000008004e58                HAL_TIM_IC_CaptureCallback
 .text.HAL_TIM_PWM_PulseFinishedCallback
                0x0000000008004e6c       0x14 ./Drivers/STM32F4xx_HAL_Driver/Src/stm32f4xx_hal_tim.o
                0x0000000008004e6c                HAL_TIM_PWM_PulseFinishedCallback
 .text.HAL_TIM_TriggerCallback
                0x0000000008004e80       0x14 ./Drivers/STM32F4xx_HAL_Driver/Src/stm32f4xx_hal_tim.o
                0x0000000008004e80                HAL_TIM_TriggerCallback
 .text.TIM_Base_SetConfig
                0x0000000008004e94      0x100 ./Drivers/STM32F4xx_HAL_Driver/Src/stm32f4xx_hal_tim.o
                0x0000000008004e94                TIM_Base_SetConfig
 .text.TIM_TI1_ConfigInputStage
                0x0000000008004f94       0x5e ./Drivers/STM32F4xx_HAL_Driver/Src/stm32f4xx_hal_tim.o
 .text.TIM_TI2_ConfigInputStage
                0x0000000008004ff2       0x60 ./Drivers/STM32F4xx_HAL_Driver/Src/stm32f4xx_hal_tim.o
 .text.TIM_ITRx_SetConfig
                0x0000000008005052       0x36 ./Drivers/STM32F4xx_HAL_Driver/Src/stm32f4xx_hal_tim.o
 .text.TIM_ETR_SetConfig
                0x0000000008005088       0x40 ./Drivers/STM32F4xx_HAL_Driver/Src/stm32f4xx_hal_tim.o
                0x0000000008005088                TIM_ETR_SetConfig
 .text.HAL_TIMEx_MasterConfigSynchronization
                0x00000000080050c8       0xdc ./Drivers/STM32F4xx_HAL_Driver/Src/stm32f4xx_hal_tim_ex.o
                0x00000000080050c8                HAL_TIMEx_MasterConfigSynchronization
 .text.HAL_TIMEx_CommutCallback
                0x00000000080051a4       0x14 ./Drivers/STM32F4xx_HAL_Driver/Src/stm32f4xx_hal_tim_ex.o
                0x00000000080051a4                HAL_TIMEx_CommutCallback
 .text.HAL_TIMEx_BreakCallback
                0x00000000080051b8       0x14 ./Drivers/STM32F4xx_HAL_Driver/Src/stm32f4xx_hal_tim_ex.o
                0x00000000080051b8                HAL_TIMEx_BreakCallback
 .text.HAL_UART_Init
                0x00000000080051cc       0x9a ./Drivers/STM32F4xx_HAL_Driver/Src/stm32f4xx_hal_uart.o
                0x00000000080051cc                HAL_UART_Init
 .text.HAL_UART_Transmit_IT
                0x0000000008005266       0x8a ./Drivers/STM32F4xx_HAL_Driver/Src/stm32f4xx_hal_uart.o
                0x0000000008005266                HAL_UART_Transmit_IT
 .text.HAL_UART_Receive_IT
                0x00000000080052f0       0x60 ./Drivers/STM32F4xx_HAL_Driver/Src/stm32f4xx_hal_uart.o
                0x00000000080052f0                HAL_UART_Receive_IT
 .text.HAL_UART_IRQHandler
                0x0000000008005350      0x51c ./Drivers/STM32F4xx_HAL_Driver/Src/stm32f4xx_hal_uart.o
                0x0000000008005350                HAL_UART_IRQHandler
 .text.HAL_UART_TxCpltCallback
                0x000000000800586c       0x14 ./Drivers/STM32F4xx_HAL_Driver/Src/stm32f4xx_hal_uart.o
                0x000000000800586c                HAL_UART_TxCpltCallback
 .text.HAL_UARTEx_RxEventCallback
                0x0000000008005880       0x18 ./Drivers/STM32F4xx_HAL_Driver/Src/stm32f4xx_hal_uart.o
                0x0000000008005880                HAL_UARTEx_RxEventCallback
 .text.UART_Start_Receive_IT
                0x0000000008005898       0x74 ./Drivers/STM32F4xx_HAL_Driver/Src/stm32f4xx_hal_uart.o
                0x0000000008005898                UART_Start_Receive_IT
 .text.UART_EndRxTransfer
                0x000000000800590c       0xc6 ./Drivers/STM32F4xx_HAL_Driver/Src/stm32f4xx_hal_uart.o
 .text.UART_DMAAbortOnError
                0x00000000080059d2       0x28 ./Drivers/STM32F4xx_HAL_Driver/Src/stm32f4xx_hal_uart.o
 .text.UART_Transmit_IT
                0x00000000080059fa       0xa0 ./Drivers/STM32F4xx_HAL_Driver/Src/stm32f4xx_hal_uart.o
 .text.UART_EndTransmit_IT
                0x0000000008005a9a       0x30 ./Drivers/STM32F4xx_HAL_Driver/Src/stm32f4xx_hal_uart.o
 .text.UART_Receive_IT
                0x0000000008005aca      0x176 ./Drivers/STM32F4xx_HAL_Driver/Src/stm32f4xx_hal_uart.o
 .text.UART_SetConfig
                0x0000000008005c40      0x390 ./Drivers/STM32F4xx_HAL_Driver/Src/stm32f4xx_hal_uart.o
 .text.__errno  0x0000000008005fd0        0xc c:/st/stm32cubeide_1.7.0/stm32cubeide/plugins/com.st.stm32cube.ide.mcu.externaltools.gnu-tools-for-stm32.9-2020-q2-update.win32_2.0.0.202105311346/tools/bin/../lib/gcc/arm-none-eabi/9.3.1/../../../../arm-none-eabi/lib/thumb/v7e-m+fp/hard\libc_nano.a(lib_a-errno.o)
                0x0000000008005fd0                __errno
 .text.__libc_init_array
                0x0000000008005fdc       0x48 c:/st/stm32cubeide_1.7.0/stm32cubeide/plugins/com.st.stm32cube.ide.mcu.externaltools.gnu-tools-for-stm32.9-2020-q2-update.win32_2.0.0.202105311346/tools/bin/../lib/gcc/arm-none-eabi/9.3.1/../../../../arm-none-eabi/lib/thumb/v7e-m+fp/hard\libc_nano.a(lib_a-init.o)
                0x0000000008005fdc                __libc_init_array
 .text.memcpy   0x0000000008006024       0x1c c:/st/stm32cubeide_1.7.0/stm32cubeide/plugins/com.st.stm32cube.ide.mcu.externaltools.gnu-tools-for-stm32.9-2020-q2-update.win32_2.0.0.202105311346/tools/bin/../lib/gcc/arm-none-eabi/9.3.1/../../../../arm-none-eabi/lib/thumb/v7e-m+fp/hard\libc_nano.a(lib_a-memcpy-stub.o)
                0x0000000008006024                memcpy
 .text.memset   0x0000000008006040       0x10 c:/st/stm32cubeide_1.7.0/stm32cubeide/plugins/com.st.stm32cube.ide.mcu.externaltools.gnu-tools-for-stm32.9-2020-q2-update.win32_2.0.0.202105311346/tools/bin/../lib/gcc/arm-none-eabi/9.3.1/../../../../arm-none-eabi/lib/thumb/v7e-m+fp/hard\libc_nano.a(lib_a-memset.o)
                0x0000000008006040                memset
 .text.snprintf
                0x0000000008006050       0x68 c:/st/stm32cubeide_1.7.0/stm32cubeide/plugins/com.st.stm32cube.ide.mcu.externaltools.gnu-tools-for-stm32.9-2020-q2-update.win32_2.0.0.202105311346/tools/bin/../lib/gcc/arm-none-eabi/9.3.1/../../../../arm-none-eabi/lib/thumb/v7e-m+fp/hard\libc_nano.a(lib_a-snprintf.o)
                0x0000000008006050                sniprintf
                0x0000000008006050                snprintf
 .text.strncmp  0x00000000080060b8       0x24 c:/st/stm32cubeide_1.7.0/stm32cubeide/plugins/com.st.stm32cube.ide.mcu.externaltools.gnu-tools-for-stm32.9-2020-q2-update.win32_2.0.0.202105311346/tools/bin/../lib/gcc/arm-none-eabi/9.3.1/../../../../arm-none-eabi/lib/thumb/v7e-m+fp/hard\libc_nano.a(lib_a-strncmp.o)
                0x00000000080060b8                strncmp
 .text.__ssputs_r
                0x00000000080060dc       0xb6 c:/st/stm32cubeide_1.7.0/stm32cubeide/plugins/com.st.stm32cube.ide.mcu.externaltools.gnu-tools-for-stm32.9-2020-q2-update.win32_2.0.0.202105311346/tools/bin/../lib/gcc/arm-none-eabi/9.3.1/../../../../arm-none-eabi/lib/thumb/v7e-m+fp/hard\libc_nano.a(lib_a-nano-svfprintf.o)
                0x00000000080060dc                __ssputs_r
 *fill*         0x0000000008006192        0x2 
 .text._svfprintf_r
                0x0000000008006194      0x200 c:/st/stm32cubeide_1.7.0/stm32cubeide/plugins/com.st.stm32cube.ide.mcu.externaltools.gnu-tools-for-stm32.9-2020-q2-update.win32_2.0.0.202105311346/tools/bin/../lib/gcc/arm-none-eabi/9.3.1/../../../../arm-none-eabi/lib/thumb/v7e-m+fp/hard\libc_nano.a(lib_a-nano-svfprintf.o)
                0x0000000008006194                _svfiprintf_r
                0x0000000008006194                _svfprintf_r
 .text._printf_common
                0x0000000008006394       0xda c:/st/stm32cubeide_1.7.0/stm32cubeide/plugins/com.st.stm32cube.ide.mcu.externaltools.gnu-tools-for-stm32.9-2020-q2-update.win32_2.0.0.202105311346/tools/bin/../lib/gcc/arm-none-eabi/9.3.1/../../../../arm-none-eabi/lib/thumb/v7e-m+fp/hard\libc_nano.a(lib_a-nano-vfprintf_i.o)
                0x0000000008006394                _printf_common
 *fill*         0x000000000800646e        0x2 
 .text._printf_i
                0x0000000008006470      0x24c c:/st/stm32cubeide_1.7.0/stm32cubeide/plugins/com.st.stm32cube.ide.mcu.externaltools.gnu-tools-for-stm32.9-2020-q2-update.win32_2.0.0.202105311346/tools/bin/../lib/gcc/arm-none-eabi/9.3.1/../../../../arm-none-eabi/lib/thumb/v7e-m+fp/hard\libc_nano.a(lib_a-nano-vfprintf_i.o)
                0x0000000008006470                _printf_i
 .text.memmove  0x00000000080066bc       0x34 c:/st/stm32cubeide_1.7.0/stm32cubeide/plugins/com.st.stm32cube.ide.mcu.externaltools.gnu-tools-for-stm32.9-2020-q2-update.win32_2.0.0.202105311346/tools/bin/../lib/gcc/arm-none-eabi/9.3.1/../../../../arm-none-eabi/lib/thumb/v7e-m+fp/hard\libc_nano.a(lib_a-memmove.o)
                0x00000000080066bc                memmove
 .text._free_r  0x00000000080066f0       0xa0 c:/st/stm32cubeide_1.7.0/stm32cubeide/plugins/com.st.stm32cube.ide.mcu.externaltools.gnu-tools-for-stm32.9-2020-q2-update.win32_2.0.0.202105311346/tools/bin/../lib/gcc/arm-none-eabi/9.3.1/../../../../arm-none-eabi/lib/thumb/v7e-m+fp/hard\libc_nano.a(lib_a-nano-freer.o)
                0x00000000080066f0                _free_r
 .text._malloc_r
                0x0000000008006790       0xb4 c:/st/stm32cubeide_1.7.0/stm32cubeide/plugins/com.st.stm32cube.ide.mcu.externaltools.gnu-tools-for-stm32.9-2020-q2-update.win32_2.0.0.202105311346/tools/bin/../lib/gcc/arm-none-eabi/9.3.1/../../../../arm-none-eabi/lib/thumb/v7e-m+fp/hard\libc_nano.a(lib_a-nano-mallocr.o)
                0x0000000008006790                _malloc_r
 .text._realloc_r
                0x0000000008006844       0x4c c:/st/stm32cubeide_1.7.0/stm32cubeide/plugins/com.st.stm32cube.ide.mcu.externaltools.gnu-tools-for-stm32.9-2020-q2-update.win32_2.0.0.202105311346/tools/bin/../lib/gcc/arm-none-eabi/9.3.1/../../../../arm-none-eabi/lib/thumb/v7e-m+fp/hard\libc_nano.a(lib_a-nano-reallocr.o)
                0x0000000008006844                _realloc_r
 .text._sbrk_r  0x0000000008006890       0x20 c:/st/stm32cubeide_1.7.0/stm32cubeide/plugins/com.st.stm32cube.ide.mcu.externaltools.gnu-tools-for-stm32.9-2020-q2-update.win32_2.0.0.202105311346/tools/bin/../lib/gcc/arm-none-eabi/9.3.1/../../../../arm-none-eabi/lib/thumb/v7e-m+fp/hard\libc_nano.a(lib_a-sbrkr.o)
                0x0000000008006890                _sbrk_r
 .text.__malloc_lock
                0x00000000080068b0        0xc c:/st/stm32cubeide_1.7.0/stm32cubeide/plugins/com.st.stm32cube.ide.mcu.externaltools.gnu-tools-for-stm32.9-2020-q2-update.win32_2.0.0.202105311346/tools/bin/../lib/gcc/arm-none-eabi/9.3.1/../../../../arm-none-eabi/lib/thumb/v7e-m+fp/hard\libc_nano.a(lib_a-mlock.o)
                0x00000000080068b0                __malloc_lock
 .text.__malloc_unlock
                0x00000000080068bc        0xc c:/st/stm32cubeide_1.7.0/stm32cubeide/plugins/com.st.stm32cube.ide.mcu.externaltools.gnu-tools-for-stm32.9-2020-q2-update.win32_2.0.0.202105311346/tools/bin/../lib/gcc/arm-none-eabi/9.3.1/../../../../arm-none-eabi/lib/thumb/v7e-m+fp/hard\libc_nano.a(lib_a-mlock.o)
                0x00000000080068bc                __malloc_unlock
 .text._malloc_usable_size_r
                0x00000000080068c8       0x10 c:/st/stm32cubeide_1.7.0/stm32cubeide/plugins/com.st.stm32cube.ide.mcu.externaltools.gnu-tools-for-stm32.9-2020-q2-update.win32_2.0.0.202105311346/tools/bin/../lib/gcc/arm-none-eabi/9.3.1/../../../../arm-none-eabi/lib/thumb/v7e-m+fp/hard\libc_nano.a(lib_a-nano-msizer.o)
                0x00000000080068c8                _malloc_usable_size_r
 .text.__retarget_lock_acquire_recursive
                0x00000000080068d8        0x2 c:/st/stm32cubeide_1.7.0/stm32cubeide/plugins/com.st.stm32cube.ide.mcu.externaltools.gnu-tools-for-stm32.9-2020-q2-update.win32_2.0.0.202105311346/tools/bin/../lib/gcc/arm-none-eabi/9.3.1/../../../../arm-none-eabi/lib/thumb/v7e-m+fp/hard\libc_nano.a(lib_a-lock.o)
                0x00000000080068d8                __retarget_lock_acquire_recursive
 .text.__retarget_lock_release_recursive
                0x00000000080068da        0x2 c:/st/stm32cubeide_1.7.0/stm32cubeide/plugins/com.st.stm32cube.ide.mcu.externaltools.gnu-tools-for-stm32.9-2020-q2-update.win32_2.0.0.202105311346/tools/bin/../lib/gcc/arm-none-eabi/9.3.1/../../../../arm-none-eabi/lib/thumb/v7e-m+fp/hard\libc_nano.a(lib_a-lock.o)
                0x00000000080068da                __retarget_lock_release_recursive
 *(.glue_7)
 .glue_7        0x00000000080068dc        0x0 linker stubs
 *(.glue_7t)
 .glue_7t       0x00000000080068dc        0x0 linker stubs
 *(.eh_frame)
 .eh_frame      0x00000000080068dc        0x0 c:/st/stm32cubeide_1.7.0/stm32cubeide/plugins/com.st.stm32cube.ide.mcu.externaltools.gnu-tools-for-stm32.9-2020-q2-update.win32_2.0.0.202105311346/tools/bin/../lib/gcc/arm-none-eabi/9.3.1/thumb/v7e-m+fp/hard/crtbegin.o
 *(.init)
 .init          0x00000000080068dc        0x4 c:/st/stm32cubeide_1.7.0/stm32cubeide/plugins/com.st.stm32cube.ide.mcu.externaltools.gnu-tools-for-stm32.9-2020-q2-update.win32_2.0.0.202105311346/tools/bin/../lib/gcc/arm-none-eabi/9.3.1/thumb/v7e-m+fp/hard/crti.o
                0x00000000080068dc                _init
 .init          0x00000000080068e0        0x8 c:/st/stm32cubeide_1.7.0/stm32cubeide/plugins/com.st.stm32cube.ide.mcu.externaltools.gnu-tools-for-stm32.9-2020-q2-update.win32_2.0.0.202105311346/tools/bin/../lib/gcc/arm-none-eabi/9.3.1/thumb/v7e-m+fp/hard/crtn.o
 *(.fini)
 .fini          0x00000000080068e8        0x4 c:/st/stm32cubeide_1.7.0/stm32cubeide/plugins/com.st.stm32cube.ide.mcu.externaltools.gnu-tools-for-stm32.9-2020-q2-update.win32_2.0.0.202105311346/tools/bin/../lib/gcc/arm-none-eabi/9.3.1/thumb/v7e-m+fp/hard/crti.o
                0x00000000080068e8                _fini
 .fini          0x00000000080068ec        0x8 c:/st/stm32cubeide_1.7.0/stm32cubeide/plugins/com.st.stm32cube.ide.mcu.externaltools.gnu-tools-for-stm32.9-2020-q2-update.win32_2.0.0.202105311346/tools/bin/../lib/gcc/arm-none-eabi/9.3.1/thumb/v7e-m+fp/hard/crtn.o
                0x00000000080068f4                . = ALIGN (0x4)
                0x00000000080068f4                _etext = .

.vfp11_veneer   0x00000000080068f4        0x0
 .vfp11_veneer  0x00000000080068f4        0x0 linker stubs

.v4_bx          0x00000000080068f4        0x0
 .v4_bx         0x00000000080068f4        0x0 linker stubs

.iplt           0x00000000080068f4        0x0
 .iplt          0x00000000080068f4        0x0 c:/st/stm32cubeide_1.7.0/stm32cubeide/plugins/com.st.stm32cube.ide.mcu.externaltools.gnu-tools-for-stm32.9-2020-q2-update.win32_2.0.0.202105311346/tools/bin/../lib/gcc/arm-none-eabi/9.3.1/thumb/v7e-m+fp/hard/crtbegin.o

.rodata         0x00000000080068f4       0xb4
                0x00000000080068f4                . = ALIGN (0x4)
 *(.rodata)
 .rodata        0x00000000080068f4        0xe ./Core/Src/gps.o
 *fill*         0x0000000008006902        0x2 
 .rodata        0x0000000008006904       0x38 ./Core/Src/main.o
 *(.rodata*)
 .rodata.SX1278_Frequency
                0x000000000800693c        0x3 ./Core/Src/SX1278.o
 *fill*         0x000000000800693f        0x1 
 .rodata.SX1278_SpreadFactor
                0x0000000008006940        0x7 ./Core/Src/SX1278.o
 *fill*         0x0000000008006947        0x1 
 .rodata.SX1278_LoRaBandwidth
                0x0000000008006948        0xa ./Core/Src/SX1278.o
 *fill*         0x0000000008006952        0x2 
 .rodata.AHBPrescTable
                0x0000000008006954       0x10 ./Core/Src/system_stm32f4xx.o
                0x0000000008006954                AHBPrescTable
 .rodata.APBPrescTable
                0x0000000008006964        0x8 ./Core/Src/system_stm32f4xx.o
                0x0000000008006964                APBPrescTable
 .rodata.flagBitshiftOffset.8293
                0x000000000800696c        0x8 ./Drivers/STM32F4xx_HAL_Driver/Src/stm32f4xx_hal_dma.o
 .rodata._svfprintf_r.str1.1
                0x0000000008006974       0x11 c:/st/stm32cubeide_1.7.0/stm32cubeide/plugins/com.st.stm32cube.ide.mcu.externaltools.gnu-tools-for-stm32.9-2020-q2-update.win32_2.0.0.202105311346/tools/bin/../lib/gcc/arm-none-eabi/9.3.1/../../../../arm-none-eabi/lib/thumb/v7e-m+fp/hard\libc_nano.a(lib_a-nano-svfprintf.o)
 .rodata._printf_i.str1.1
                0x0000000008006985       0x22 c:/st/stm32cubeide_1.7.0/stm32cubeide/plugins/com.st.stm32cube.ide.mcu.externaltools.gnu-tools-for-stm32.9-2020-q2-update.win32_2.0.0.202105311346/tools/bin/../lib/gcc/arm-none-eabi/9.3.1/../../../../arm-none-eabi/lib/thumb/v7e-m+fp/hard\libc_nano.a(lib_a-nano-vfprintf_i.o)
                0x00000000080069a8                . = ALIGN (0x4)
 *fill*         0x00000000080069a7        0x1 

.ARM.extab      0x00000000080069a8        0x0
                0x00000000080069a8                . = ALIGN (0x4)
 *(.ARM.extab* .gnu.linkonce.armextab.*)
                0x00000000080069a8                . = ALIGN (0x4)

.ARM            0x00000000080069a8        0x8
                0x00000000080069a8                . = ALIGN (0x4)
                0x00000000080069a8                __exidx_start = .
 *(.ARM.exidx*)
 .ARM.exidx     0x00000000080069a8        0x8 c:/st/stm32cubeide_1.7.0/stm32cubeide/plugins/com.st.stm32cube.ide.mcu.externaltools.gnu-tools-for-stm32.9-2020-q2-update.win32_2.0.0.202105311346/tools/bin/../lib/gcc/arm-none-eabi/9.3.1/thumb/v7e-m+fp/hard\libgcc.a(_udivmoddi4.o)
                0x00000000080069b0                __exidx_end = .
                0x00000000080069b0                . = ALIGN (0x4)

.rel.dyn        0x00000000080069b0        0x0
 .rel.iplt      0x00000000080069b0        0x0 c:/st/stm32cubeide_1.7.0/stm32cubeide/plugins/com.st.stm32cube.ide.mcu.externaltools.gnu-tools-for-stm32.9-2020-q2-update.win32_2.0.0.202105311346/tools/bin/../lib/gcc/arm-none-eabi/9.3.1/thumb/v7e-m+fp/hard/crtbegin.o

.preinit_array  0x00000000080069b0        0x0
                0x00000000080069b0                . = ALIGN (0x4)
                0x00000000080069b0                PROVIDE (__preinit_array_start = .)
 *(.preinit_array*)
                0x00000000080069b0                PROVIDE (__preinit_array_end = .)
                0x00000000080069b0                . = ALIGN (0x4)

.init_array     0x00000000080069b0        0x4
                0x00000000080069b0                . = ALIGN (0x4)
                0x00000000080069b0                PROVIDE (__init_array_start = .)
 *(SORT_BY_NAME(.init_array.*))
 *(.init_array*)
 .init_array    0x00000000080069b0        0x4 c:/st/stm32cubeide_1.7.0/stm32cubeide/plugins/com.st.stm32cube.ide.mcu.externaltools.gnu-tools-for-stm32.9-2020-q2-update.win32_2.0.0.202105311346/tools/bin/../lib/gcc/arm-none-eabi/9.3.1/thumb/v7e-m+fp/hard/crtbegin.o
                0x00000000080069b4                PROVIDE (__init_array_end = .)
                0x00000000080069b4                . = ALIGN (0x4)

.fini_array     0x00000000080069b4        0x4
                0x00000000080069b4                . = ALIGN (0x4)
                [!provide]                        PROVIDE (__fini_array_start = .)
 *(SORT_BY_NAME(.fini_array.*))
 *(.fini_array*)
 .fini_array    0x00000000080069b4        0x4 c:/st/stm32cubeide_1.7.0/stm32cubeide/plugins/com.st.stm32cube.ide.mcu.externaltools.gnu-tools-for-stm32.9-2020-q2-update.win32_2.0.0.202105311346/tools/bin/../lib/gcc/arm-none-eabi/9.3.1/thumb/v7e-m+fp/hard/crtbegin.o
                [!provide]                        PROVIDE (__fini_array_end = .)
                0x00000000080069b8                . = ALIGN (0x4)
                0x00000000080069b8                _sidata = LOADADDR (.data)

.data           0x0000000020000000       0x90 load address 0x00000000080069b8
                0x0000000020000000                . = ALIGN (0x4)
                0x0000000020000000                _sdata = .
 *(.data)
 *(.data*)
 .data.gpsTempLen
                0x0000000020000000        0x1 ./Core/Src/gps.o
                0x0000000020000000                gpsTempLen
 *fill*         0x0000000020000001        0x3 
 .data.info_message
                0x0000000020000004        0x8 ./Core/Src/main.o
                0x0000000020000004                info_message
 .data.ok_cut_rope_message
                0x000000002000000c        0x8 ./Core/Src/main.o
                0x000000002000000c                ok_cut_rope_message
 .data.nok_ack_message
                0x0000000020000014        0x8 ./Core/Src/main.o
                0x0000000020000014                nok_ack_message
 .data.mode     0x000000002000001c        0x1 ./Core/Src/main.o
                0x000000002000001c                mode
 .data.doRecData
                0x000000002000001d        0x1 ./Core/Src/main.o
                0x000000002000001d                doRecData
 .data.UART6_RxBytes
                0x000000002000001e        0x1 ./Core/Src/main.o
                0x000000002000001e                UART6_RxBytes
 *fill*         0x000000002000001f        0x1 
 .data.SystemCoreClock
                0x0000000020000020        0x4 ./Core/Src/system_stm32f4xx.o
                0x0000000020000020                SystemCoreClock
 .data.uwTickPrio
                0x0000000020000024        0x4 ./Drivers/STM32F4xx_HAL_Driver/Src/stm32f4xx_hal.o
                0x0000000020000024                uwTickPrio
 .data.uwTickFreq
                0x0000000020000028        0x1 ./Drivers/STM32F4xx_HAL_Driver/Src/stm32f4xx_hal.o
                0x0000000020000028                uwTickFreq
 *fill*         0x0000000020000029        0x3 
 .data._impure_ptr
                0x000000002000002c        0x4 c:/st/stm32cubeide_1.7.0/stm32cubeide/plugins/com.st.stm32cube.ide.mcu.externaltools.gnu-tools-for-stm32.9-2020-q2-update.win32_2.0.0.202105311346/tools/bin/../lib/gcc/arm-none-eabi/9.3.1/../../../../arm-none-eabi/lib/thumb/v7e-m+fp/hard\libc_nano.a(lib_a-impure.o)
                0x000000002000002c                _impure_ptr
 .data.impure_data
                0x0000000020000030       0x60 c:/st/stm32cubeide_1.7.0/stm32cubeide/plugins/com.st.stm32cube.ide.mcu.externaltools.gnu-tools-for-stm32.9-2020-q2-update.win32_2.0.0.202105311346/tools/bin/../lib/gcc/arm-none-eabi/9.3.1/../../../../arm-none-eabi/lib/thumb/v7e-m+fp/hard\libc_nano.a(lib_a-impure.o)
 *(.RamFunc)
 *(.RamFunc*)
                0x0000000020000090                . = ALIGN (0x4)
                0x0000000020000090                _edata = .

.igot.plt       0x0000000020000090        0x0 load address 0x0000000008006a48
 .igot.plt      0x0000000020000090        0x0 c:/st/stm32cubeide_1.7.0/stm32cubeide/plugins/com.st.stm32cube.ide.mcu.externaltools.gnu-tools-for-stm32.9-2020-q2-update.win32_2.0.0.202105311346/tools/bin/../lib/gcc/arm-none-eabi/9.3.1/thumb/v7e-m+fp/hard/crtbegin.o
                0x0000000020000090                . = ALIGN (0x4)

.bss            0x0000000020000090      0x5a4 load address 0x0000000008006a48
                0x0000000020000090                _sbss = .
                0x0000000020000090                __bss_start__ = _sbss
 *(.bss)
 .bss           0x0000000020000090       0x1c c:/st/stm32cubeide_1.7.0/stm32cubeide/plugins/com.st.stm32cube.ide.mcu.externaltools.gnu-tools-for-stm32.9-2020-q2-update.win32_2.0.0.202105311346/tools/bin/../lib/gcc/arm-none-eabi/9.3.1/thumb/v7e-m+fp/hard/crtbegin.o
 *(.bss*)
 .bss.gpsData   0x00000000200000ac       0x18 ./Core/Src/gps.o
                0x00000000200000ac                gpsData
 .bss.gpsHeight
                0x00000000200000c4        0x8 ./Core/Src/gps.o
                0x00000000200000c4                gpsHeight
 .bss.gpsSpeed  0x00000000200000cc        0x6 ./Core/Src/gps.o
                0x00000000200000cc                gpsSpeed
 *fill*         0x00000000200000d2        0x2 
 .bss.gpsTime   0x00000000200000d4        0x6 ./Core/Src/gps.o
                0x00000000200000d4                gpsTime
 .bss.isData    0x00000000200000da        0x1 ./Core/Src/gps.o
                0x00000000200000da                isData
 .bss.isNewData
                0x00000000200000db        0x1 ./Core/Src/gps.o
                0x00000000200000db                isNewData
 .bss.uartRec   0x00000000200000dc        0x1 ./Core/Src/main.o
                0x00000000200000dc                uartRec
 *fill*         0x00000000200000dd        0x3 
 .bss.num       0x00000000200000e0        0x4 ./Core/Src/main.o
                0x00000000200000e0                num
 .bss.ret       0x00000000200000e4        0x1 ./Core/Src/main.o
                0x00000000200000e4                ret
 *fill*         0x00000000200000e5        0x3 
 .bss.loraBuf   0x00000000200000e8        0xa ./Core/Src/main.o
                0x00000000200000e8                loraBuf
 .bss.loraModuleIrq
                0x00000000200000f2        0x1 ./Core/Src/main.o
                0x00000000200000f2                loraModuleIrq
 *fill*         0x00000000200000f3        0x1 
 .bss.u_sec_delay
                0x00000000200000f4        0x4 ./Core/Src/main.o
                0x00000000200000f4                u_sec_delay
 .bss.do_send_tm
                0x00000000200000f8        0x1 ./Core/Src/main.o
                0x00000000200000f8                do_send_tm
 .bss.sec_gps   0x00000000200000f9        0x1 ./Core/Src/main.o
                0x00000000200000f9                sec_gps
 .bss.sec_lora_rec
                0x00000000200000fa        0x1 ./Core/Src/main.o
                0x00000000200000fa                sec_lora_rec
 .bss.UART6_RxIsData
                0x00000000200000fb        0x1 ./Core/Src/main.o
                0x00000000200000fb                UART6_RxIsData
 .bss.UART6_TxBuf
                0x00000000200000fc        0x2 ./Core/Src/main.o
                0x00000000200000fc                UART6_TxBuf
 *fill*         0x00000000200000fe        0x2 
 .bss.UART6_DataBuf
                0x0000000020000100       0x32 ./Core/Src/main.o
                0x0000000020000100                UART6_DataBuf
 *fill*         0x0000000020000132        0x2 
 .bss.UART6_RxBuf
                0x0000000020000134       0x32 ./Core/Src/main.o
                0x0000000020000134                UART6_RxBuf
 *fill*         0x0000000020000166        0x2 
 .bss.__sbrk_heap_end
                0x0000000020000168        0x4 ./Core/Src/sysmem.o
 .bss.__malloc_free_list
                0x000000002000016c        0x4 c:/st/stm32cubeide_1.7.0/stm32cubeide/plugins/com.st.stm32cube.ide.mcu.externaltools.gnu-tools-for-stm32.9-2020-q2-update.win32_2.0.0.202105311346/tools/bin/../lib/gcc/arm-none-eabi/9.3.1/../../../../arm-none-eabi/lib/thumb/v7e-m+fp/hard\libc_nano.a(lib_a-nano-mallocr.o)
                0x000000002000016c                __malloc_free_list
 .bss.__malloc_sbrk_start
                0x0000000020000170        0x4 c:/st/stm32cubeide_1.7.0/stm32cubeide/plugins/com.st.stm32cube.ide.mcu.externaltools.gnu-tools-for-stm32.9-2020-q2-update.win32_2.0.0.202105311346/tools/bin/../lib/gcc/arm-none-eabi/9.3.1/../../../../arm-none-eabi/lib/thumb/v7e-m+fp/hard\libc_nano.a(lib_a-nano-mallocr.o)
                0x0000000020000170                __malloc_sbrk_start
 *(COMMON)
 COMMON         0x0000000020000174       0x52 ./Core/Src/gps.o
                0x0000000020000174                gpsTemp
                0x00000000200001c4                rxBuf
                0x00000000200001c5                rxTemp
 *fill*         0x00000000200001c6        0x2 
 COMMON         0x00000000200001c8        0x4 ./Core/Src/gsm.o
                0x00000000200001c8                uart
 COMMON         0x00000000200001cc      0x454 ./Core/Src/main.o
                0x00000000200001cc                htim4
                0x0000000020000214                hcrc
                0x000000002000021c                htim3
                0x0000000020000264                hdma_usart1_rx
                0x00000000200002c4                huart1
                0x0000000020000308                cmd_rx_buffer
                0x000000002000036c                huart6
                0x00000000200003b0                cmd_tx_buffer
                0x0000000020000414                hspi1
                0x000000002000046c                htim2
                0x00000000200004b4                huart2
                0x00000000200004f8                SX1278
                0x0000000020000604                SX1278_hw
 COMMON         0x0000000020000620        0x4 ./Drivers/STM32F4xx_HAL_Driver/Src/stm32f4xx_hal.o
                0x0000000020000620                uwTick
 COMMON         0x0000000020000624        0x4 c:/st/stm32cubeide_1.7.0/stm32cubeide/plugins/com.st.stm32cube.ide.mcu.externaltools.gnu-tools-for-stm32.9-2020-q2-update.win32_2.0.0.202105311346/tools/bin/../lib/gcc/arm-none-eabi/9.3.1/../../../../arm-none-eabi/lib/thumb/v7e-m+fp/hard\libc_nano.a(lib_a-reent.o)
                0x0000000020000624                errno
 COMMON         0x0000000020000628        0x9 c:/st/stm32cubeide_1.7.0/stm32cubeide/plugins/com.st.stm32cube.ide.mcu.externaltools.gnu-tools-for-stm32.9-2020-q2-update.win32_2.0.0.202105311346/tools/bin/../lib/gcc/arm-none-eabi/9.3.1/../../../../arm-none-eabi/lib/thumb/v7e-m+fp/hard\libc_nano.a(lib_a-lock.o)
                0x0000000020000628                __lock___atexit_recursive_mutex
                0x0000000020000629                __lock___arc4random_mutex
                0x000000002000062a                __lock___env_recursive_mutex
                0x000000002000062b                __lock___sinit_recursive_mutex
                0x000000002000062c                __lock___malloc_recursive_mutex
                0x000000002000062d                __lock___at_quick_exit_mutex
                0x000000002000062e                __lock___dd_hash_mutex
                0x000000002000062f                __lock___tz_mutex
                0x0000000020000630                __lock___sfp_recursive_mutex
                0x0000000020000634                . = ALIGN (0x4)
 *fill*         0x0000000020000631        0x3 
                0x0000000020000634                _ebss = .
                0x0000000020000634                __bss_end__ = _ebss

._user_heap_stack
                0x0000000020000634      0x604 load address 0x0000000008006a48
                0x0000000020000638                . = ALIGN (0x8)
 *fill*         0x0000000020000634        0x4 
                [!provide]                        PROVIDE (end = .)
                0x0000000020000638                PROVIDE (_end = .)
                0x0000000020000838                . = (. + _Min_Heap_Size)
 *fill*         0x0000000020000638      0x200 
                0x0000000020000c38                . = (. + _Min_Stack_Size)
 *fill*         0x0000000020000838      0x400 
                0x0000000020000c38                . = ALIGN (0x8)

/DISCARD/
 libc.a(*)
 libm.a(*)
 libgcc.a(*)

.ARM.attributes
                0x0000000000000000       0x30
 *(.ARM.attributes)
 .ARM.attributes
                0x0000000000000000       0x1e c:/st/stm32cubeide_1.7.0/stm32cubeide/plugins/com.st.stm32cube.ide.mcu.externaltools.gnu-tools-for-stm32.9-2020-q2-update.win32_2.0.0.202105311346/tools/bin/../lib/gcc/arm-none-eabi/9.3.1/thumb/v7e-m+fp/hard/crti.o
 .ARM.attributes
                0x000000000000001e       0x34 c:/st/stm32cubeide_1.7.0/stm32cubeide/plugins/com.st.stm32cube.ide.mcu.externaltools.gnu-tools-for-stm32.9-2020-q2-update.win32_2.0.0.202105311346/tools/bin/../lib/gcc/arm-none-eabi/9.3.1/thumb/v7e-m+fp/hard/crtbegin.o
 .ARM.attributes
                0x0000000000000052       0x34 ./Core/Src/SX1278.o
 .ARM.attributes
                0x0000000000000086       0x34 ./Core/Src/gps.o
 .ARM.attributes
                0x00000000000000ba       0x34 ./Core/Src/gsm.o
 .ARM.attributes
                0x00000000000000ee       0x34 ./Core/Src/main.o
 .ARM.attributes
                0x0000000000000122       0x34 ./Core/Src/stm32f4xx_hal_msp.o
 .ARM.attributes
                0x0000000000000156       0x34 ./Core/Src/stm32f4xx_it.o
 .ARM.attributes
                0x000000000000018a       0x34 ./Core/Src/sysmem.o
 .ARM.attributes
                0x00000000000001be       0x34 ./Core/Src/system_stm32f4xx.o
 .ARM.attributes
                0x00000000000001f2       0x21 ./Core/Startup/startup_stm32f401ceux.o
 .ARM.attributes
                0x0000000000000213       0x34 ./Drivers/STM32F4xx_HAL_Driver/Src/stm32f4xx_hal.o
 .ARM.attributes
                0x0000000000000247       0x34 ./Drivers/STM32F4xx_HAL_Driver/Src/stm32f4xx_hal_cortex.o
 .ARM.attributes
                0x000000000000027b       0x34 ./Drivers/STM32F4xx_HAL_Driver/Src/stm32f4xx_hal_crc.o
 .ARM.attributes
                0x00000000000002af       0x34 ./Drivers/STM32F4xx_HAL_Driver/Src/stm32f4xx_hal_dma.o
 .ARM.attributes
                0x00000000000002e3       0x34 ./Drivers/STM32F4xx_HAL_Driver/Src/stm32f4xx_hal_gpio.o
 .ARM.attributes
                0x0000000000000317       0x34 ./Drivers/STM32F4xx_HAL_Driver/Src/stm32f4xx_hal_rcc.o
 .ARM.attributes
                0x000000000000034b       0x34 ./Drivers/STM32F4xx_HAL_Driver/Src/stm32f4xx_hal_spi.o
 .ARM.attributes
                0x000000000000037f       0x34 ./Drivers/STM32F4xx_HAL_Driver/Src/stm32f4xx_hal_tim.o
 .ARM.attributes
                0x00000000000003b3       0x34 ./Drivers/STM32F4xx_HAL_Driver/Src/stm32f4xx_hal_tim_ex.o
 .ARM.attributes
                0x00000000000003e7       0x34 ./Drivers/STM32F4xx_HAL_Driver/Src/stm32f4xx_hal_uart.o
 .ARM.attributes
                0x000000000000041b       0x34 c:/st/stm32cubeide_1.7.0/stm32cubeide/plugins/com.st.stm32cube.ide.mcu.externaltools.gnu-tools-for-stm32.9-2020-q2-update.win32_2.0.0.202105311346/tools/bin/../lib/gcc/arm-none-eabi/9.3.1/../../../../arm-none-eabi/lib/thumb/v7e-m+fp/hard\libc_nano.a(lib_a-errno.o)
 .ARM.attributes
                0x000000000000044f       0x32 c:/st/stm32cubeide_1.7.0/stm32cubeide/plugins/com.st.stm32cube.ide.mcu.externaltools.gnu-tools-for-stm32.9-2020-q2-update.win32_2.0.0.202105311346/tools/bin/../lib/gcc/arm-none-eabi/9.3.1/../../../../arm-none-eabi/lib/thumb/v7e-m+fp/hard\libc_nano.a(lib_a-impure.o)
 .ARM.attributes
                0x0000000000000481       0x34 c:/st/stm32cubeide_1.7.0/stm32cubeide/plugins/com.st.stm32cube.ide.mcu.externaltools.gnu-tools-for-stm32.9-2020-q2-update.win32_2.0.0.202105311346/tools/bin/../lib/gcc/arm-none-eabi/9.3.1/../../../../arm-none-eabi/lib/thumb/v7e-m+fp/hard\libc_nano.a(lib_a-init.o)
 .ARM.attributes
                0x00000000000004b5       0x34 c:/st/stm32cubeide_1.7.0/stm32cubeide/plugins/com.st.stm32cube.ide.mcu.externaltools.gnu-tools-for-stm32.9-2020-q2-update.win32_2.0.0.202105311346/tools/bin/../lib/gcc/arm-none-eabi/9.3.1/../../../../arm-none-eabi/lib/thumb/v7e-m+fp/hard\libc_nano.a(lib_a-memcpy-stub.o)
 .ARM.attributes
                0x00000000000004e9       0x34 c:/st/stm32cubeide_1.7.0/stm32cubeide/plugins/com.st.stm32cube.ide.mcu.externaltools.gnu-tools-for-stm32.9-2020-q2-update.win32_2.0.0.202105311346/tools/bin/../lib/gcc/arm-none-eabi/9.3.1/../../../../arm-none-eabi/lib/thumb/v7e-m+fp/hard\libc_nano.a(lib_a-memset.o)
 .ARM.attributes
                0x000000000000051d       0x34 c:/st/stm32cubeide_1.7.0/stm32cubeide/plugins/com.st.stm32cube.ide.mcu.externaltools.gnu-tools-for-stm32.9-2020-q2-update.win32_2.0.0.202105311346/tools/bin/../lib/gcc/arm-none-eabi/9.3.1/../../../../arm-none-eabi/lib/thumb/v7e-m+fp/hard\libc_nano.a(lib_a-snprintf.o)
 .ARM.attributes
                0x0000000000000551       0x1c c:/st/stm32cubeide_1.7.0/stm32cubeide/plugins/com.st.stm32cube.ide.mcu.externaltools.gnu-tools-for-stm32.9-2020-q2-update.win32_2.0.0.202105311346/tools/bin/../lib/gcc/arm-none-eabi/9.3.1/../../../../arm-none-eabi/lib/thumb/v7e-m+fp/hard\libc_nano.a(lib_a-strcmp.o)
 .ARM.attributes
                0x000000000000056d       0x17 c:/st/stm32cubeide_1.7.0/stm32cubeide/plugins/com.st.stm32cube.ide.mcu.externaltools.gnu-tools-for-stm32.9-2020-q2-update.win32_2.0.0.202105311346/tools/bin/../lib/gcc/arm-none-eabi/9.3.1/../../../../arm-none-eabi/lib/thumb/v7e-m+fp/hard\libc_nano.a(lib_a-strlen.o)
 .ARM.attributes
                0x0000000000000584       0x34 c:/st/stm32cubeide_1.7.0/stm32cubeide/plugins/com.st.stm32cube.ide.mcu.externaltools.gnu-tools-for-stm32.9-2020-q2-update.win32_2.0.0.202105311346/tools/bin/../lib/gcc/arm-none-eabi/9.3.1/../../../../arm-none-eabi/lib/thumb/v7e-m+fp/hard\libc_nano.a(lib_a-strncmp.o)
 .ARM.attributes
                0x00000000000005b8       0x34 c:/st/stm32cubeide_1.7.0/stm32cubeide/plugins/com.st.stm32cube.ide.mcu.externaltools.gnu-tools-for-stm32.9-2020-q2-update.win32_2.0.0.202105311346/tools/bin/../lib/gcc/arm-none-eabi/9.3.1/../../../../arm-none-eabi/lib/thumb/v7e-m+fp/hard\libc_nano.a(lib_a-nano-svfprintf.o)
 .ARM.attributes
                0x00000000000005ec       0x34 c:/st/stm32cubeide_1.7.0/stm32cubeide/plugins/com.st.stm32cube.ide.mcu.externaltools.gnu-tools-for-stm32.9-2020-q2-update.win32_2.0.0.202105311346/tools/bin/../lib/gcc/arm-none-eabi/9.3.1/../../../../arm-none-eabi/lib/thumb/v7e-m+fp/hard\libc_nano.a(lib_a-nano-vfprintf_i.o)
 .ARM.attributes
                0x0000000000000620       0x1c c:/st/stm32cubeide_1.7.0/stm32cubeide/plugins/com.st.stm32cube.ide.mcu.externaltools.gnu-tools-for-stm32.9-2020-q2-update.win32_2.0.0.202105311346/tools/bin/../lib/gcc/arm-none-eabi/9.3.1/../../../../arm-none-eabi/lib/thumb/v7e-m+fp/hard\libc_nano.a(lib_a-memchr.o)
 .ARM.attributes
                0x000000000000063c       0x34 c:/st/stm32cubeide_1.7.0/stm32cubeide/plugins/com.st.stm32cube.ide.mcu.externaltools.gnu-tools-for-stm32.9-2020-q2-update.win32_2.0.0.202105311346/tools/bin/../lib/gcc/arm-none-eabi/9.3.1/../../../../arm-none-eabi/lib/thumb/v7e-m+fp/hard\libc_nano.a(lib_a-memmove.o)
 .ARM.attributes
                0x0000000000000670       0x34 c:/st/stm32cubeide_1.7.0/stm32cubeide/plugins/com.st.stm32cube.ide.mcu.externaltools.gnu-tools-for-stm32.9-2020-q2-update.win32_2.0.0.202105311346/tools/bin/../lib/gcc/arm-none-eabi/9.3.1/../../../../arm-none-eabi/lib/thumb/v7e-m+fp/hard\libc_nano.a(lib_a-nano-freer.o)
 .ARM.attributes
                0x00000000000006a4       0x34 c:/st/stm32cubeide_1.7.0/stm32cubeide/plugins/com.st.stm32cube.ide.mcu.externaltools.gnu-tools-for-stm32.9-2020-q2-update.win32_2.0.0.202105311346/tools/bin/../lib/gcc/arm-none-eabi/9.3.1/../../../../arm-none-eabi/lib/thumb/v7e-m+fp/hard\libc_nano.a(lib_a-nano-mallocr.o)
 .ARM.attributes
                0x00000000000006d8       0x34 c:/st/stm32cubeide_1.7.0/stm32cubeide/plugins/com.st.stm32cube.ide.mcu.externaltools.gnu-tools-for-stm32.9-2020-q2-update.win32_2.0.0.202105311346/tools/bin/../lib/gcc/arm-none-eabi/9.3.1/../../../../arm-none-eabi/lib/thumb/v7e-m+fp/hard\libc_nano.a(lib_a-nano-reallocr.o)
 .ARM.attributes
                0x000000000000070c       0x34 c:/st/stm32cubeide_1.7.0/stm32cubeide/plugins/com.st.stm32cube.ide.mcu.externaltools.gnu-tools-for-stm32.9-2020-q2-update.win32_2.0.0.202105311346/tools/bin/../lib/gcc/arm-none-eabi/9.3.1/../../../../arm-none-eabi/lib/thumb/v7e-m+fp/hard\libc_nano.a(lib_a-sbrkr.o)
 .ARM.attributes
                0x0000000000000740       0x34 c:/st/stm32cubeide_1.7.0/stm32cubeide/plugins/com.st.stm32cube.ide.mcu.externaltools.gnu-tools-for-stm32.9-2020-q2-update.win32_2.0.0.202105311346/tools/bin/../lib/gcc/arm-none-eabi/9.3.1/../../../../arm-none-eabi/lib/thumb/v7e-m+fp/hard\libc_nano.a(lib_a-mlock.o)
 .ARM.attributes
                0x0000000000000774       0x34 c:/st/stm32cubeide_1.7.0/stm32cubeide/plugins/com.st.stm32cube.ide.mcu.externaltools.gnu-tools-for-stm32.9-2020-q2-update.win32_2.0.0.202105311346/tools/bin/../lib/gcc/arm-none-eabi/9.3.1/../../../../arm-none-eabi/lib/thumb/v7e-m+fp/hard\libc_nano.a(lib_a-nano-msizer.o)
 .ARM.attributes
                0x00000000000007a8       0x34 c:/st/stm32cubeide_1.7.0/stm32cubeide/plugins/com.st.stm32cube.ide.mcu.externaltools.gnu-tools-for-stm32.9-2020-q2-update.win32_2.0.0.202105311346/tools/bin/../lib/gcc/arm-none-eabi/9.3.1/../../../../arm-none-eabi/lib/thumb/v7e-m+fp/hard\libc_nano.a(lib_a-reent.o)
 .ARM.attributes
                0x00000000000007dc       0x34 c:/st/stm32cubeide_1.7.0/stm32cubeide/plugins/com.st.stm32cube.ide.mcu.externaltools.gnu-tools-for-stm32.9-2020-q2-update.win32_2.0.0.202105311346/tools/bin/../lib/gcc/arm-none-eabi/9.3.1/../../../../arm-none-eabi/lib/thumb/v7e-m+fp/hard\libc_nano.a(lib_a-lock.o)
 .ARM.attributes
                0x0000000000000810       0x1e c:/st/stm32cubeide_1.7.0/stm32cubeide/plugins/com.st.stm32cube.ide.mcu.externaltools.gnu-tools-for-stm32.9-2020-q2-update.win32_2.0.0.202105311346/tools/bin/../lib/gcc/arm-none-eabi/9.3.1/thumb/v7e-m+fp/hard\libgcc.a(_aeabi_uldivmod.o)
 .ARM.attributes
                0x000000000000082e       0x34 c:/st/stm32cubeide_1.7.0/stm32cubeide/plugins/com.st.stm32cube.ide.mcu.externaltools.gnu-tools-for-stm32.9-2020-q2-update.win32_2.0.0.202105311346/tools/bin/../lib/gcc/arm-none-eabi/9.3.1/thumb/v7e-m+fp/hard\libgcc.a(_udivmoddi4.o)
 .ARM.attributes
                0x0000000000000862       0x1e c:/st/stm32cubeide_1.7.0/stm32cubeide/plugins/com.st.stm32cube.ide.mcu.externaltools.gnu-tools-for-stm32.9-2020-q2-update.win32_2.0.0.202105311346/tools/bin/../lib/gcc/arm-none-eabi/9.3.1/thumb/v7e-m+fp/hard\libgcc.a(_dvmd_tls.o)
 .ARM.attributes
                0x0000000000000880       0x1e c:/st/stm32cubeide_1.7.0/stm32cubeide/plugins/com.st.stm32cube.ide.mcu.externaltools.gnu-tools-for-stm32.9-2020-q2-update.win32_2.0.0.202105311346/tools/bin/../lib/gcc/arm-none-eabi/9.3.1/thumb/v7e-m+fp/hard/crtn.o
OUTPUT(IRBE_5_COM.elf elf32-littlearm)
LOAD linker stubs
LOAD c:/st/stm32cubeide_1.7.0/stm32cubeide/plugins/com.st.stm32cube.ide.mcu.externaltools.gnu-tools-for-stm32.9-2020-q2-update.win32_2.0.0.202105311346/tools/bin/../lib/gcc/arm-none-eabi/9.3.1/../../../../arm-none-eabi/lib/thumb/v7e-m+fp/hard\libc.a
LOAD c:/st/stm32cubeide_1.7.0/stm32cubeide/plugins/com.st.stm32cube.ide.mcu.externaltools.gnu-tools-for-stm32.9-2020-q2-update.win32_2.0.0.202105311346/tools/bin/../lib/gcc/arm-none-eabi/9.3.1/../../../../arm-none-eabi/lib/thumb/v7e-m+fp/hard\libm.a
LOAD c:/st/stm32cubeide_1.7.0/stm32cubeide/plugins/com.st.stm32cube.ide.mcu.externaltools.gnu-tools-for-stm32.9-2020-q2-update.win32_2.0.0.202105311346/tools/bin/../lib/gcc/arm-none-eabi/9.3.1/thumb/v7e-m+fp/hard\libgcc.a

.debug_info     0x0000000000000000    0x16c14
 .debug_info    0x0000000000000000     0x1cbe ./Core/Src/SX1278.o
 .debug_info    0x0000000000001cbe      0xdca ./Core/Src/gps.o
 .debug_info    0x0000000000002a88     0x12d6 ./Core/Src/gsm.o
 .debug_info    0x0000000000003d5e     0x290d ./Core/Src/main.o
 .debug_info    0x000000000000666b     0x1df6 ./Core/Src/stm32f4xx_hal_msp.o
 .debug_info    0x0000000000008461     0x1461 ./Core/Src/stm32f4xx_it.o
 .debug_info    0x00000000000098c2      0xa25 ./Core/Src/sysmem.o
 .debug_info    0x000000000000a2e7      0x5d0 ./Core/Src/system_stm32f4xx.o
 .debug_info    0x000000000000a8b7       0x22 ./Core/Startup/startup_stm32f401ceux.o
 .debug_info    0x000000000000a8d9      0x93d ./Drivers/STM32F4xx_HAL_Driver/Src/stm32f4xx_hal.o
 .debug_info    0x000000000000b216      0xe41 ./Drivers/STM32F4xx_HAL_Driver/Src/stm32f4xx_hal_cortex.o
 .debug_info    0x000000000000c057      0x473 ./Drivers/STM32F4xx_HAL_Driver/Src/stm32f4xx_hal_crc.o
 .debug_info    0x000000000000c4ca      0x9e9 ./Drivers/STM32F4xx_HAL_Driver/Src/stm32f4xx_hal_dma.o
 .debug_info    0x000000000000ceb3      0x862 ./Drivers/STM32F4xx_HAL_Driver/Src/stm32f4xx_hal_gpio.o
 .debug_info    0x000000000000d715      0x9bd ./Drivers/STM32F4xx_HAL_Driver/Src/stm32f4xx_hal_rcc.o
 .debug_info    0x000000000000e0d2     0x17b8 ./Drivers/STM32F4xx_HAL_Driver/Src/stm32f4xx_hal_spi.o
 .debug_info    0x000000000000f88a     0x2c1a ./Drivers/STM32F4xx_HAL_Driver/Src/stm32f4xx_hal_tim.o
 .debug_info    0x00000000000124a4     0x159a ./Drivers/STM32F4xx_HAL_Driver/Src/stm32f4xx_hal_tim_ex.o
 .debug_info    0x0000000000013a3e     0x31d6 ./Drivers/STM32F4xx_HAL_Driver/Src/stm32f4xx_hal_uart.o

.debug_abbrev   0x0000000000000000     0x2b02
 .debug_abbrev  0x0000000000000000      0x2fa ./Core/Src/SX1278.o
 .debug_abbrev  0x00000000000002fa      0x27a ./Core/Src/gps.o
 .debug_abbrev  0x0000000000000574      0x29a ./Core/Src/gsm.o
 .debug_abbrev  0x000000000000080e      0x35b ./Core/Src/main.o
 .debug_abbrev  0x0000000000000b69      0x28e ./Core/Src/stm32f4xx_hal_msp.o
 .debug_abbrev  0x0000000000000df7      0x21e ./Core/Src/stm32f4xx_it.o
 .debug_abbrev  0x0000000000001015      0x1bf ./Core/Src/sysmem.o
 .debug_abbrev  0x00000000000011d4      0x145 ./Core/Src/system_stm32f4xx.o
 .debug_abbrev  0x0000000000001319       0x12 ./Core/Startup/startup_stm32f401ceux.o
 .debug_abbrev  0x000000000000132b      0x21e ./Drivers/STM32F4xx_HAL_Driver/Src/stm32f4xx_hal.o
 .debug_abbrev  0x0000000000001549      0x33c ./Drivers/STM32F4xx_HAL_Driver/Src/stm32f4xx_hal_cortex.o
 .debug_abbrev  0x0000000000001885      0x1ae ./Drivers/STM32F4xx_HAL_Driver/Src/stm32f4xx_hal_crc.o
 .debug_abbrev  0x0000000000001a33      0x219 ./Drivers/STM32F4xx_HAL_Driver/Src/stm32f4xx_hal_dma.o
 .debug_abbrev  0x0000000000001c4c      0x1f1 ./Drivers/STM32F4xx_HAL_Driver/Src/stm32f4xx_hal_gpio.o
 .debug_abbrev  0x0000000000001e3d      0x275 ./Drivers/STM32F4xx_HAL_Driver/Src/stm32f4xx_hal_rcc.o
 .debug_abbrev  0x00000000000020b2      0x26e ./Drivers/STM32F4xx_HAL_Driver/Src/stm32f4xx_hal_spi.o
 .debug_abbrev  0x0000000000002320      0x26f ./Drivers/STM32F4xx_HAL_Driver/Src/stm32f4xx_hal_tim.o
 .debug_abbrev  0x000000000000258f      0x277 ./Drivers/STM32F4xx_HAL_Driver/Src/stm32f4xx_hal_tim_ex.o
 .debug_abbrev  0x0000000000002806      0x2fc ./Drivers/STM32F4xx_HAL_Driver/Src/stm32f4xx_hal_uart.o

.debug_aranges  0x0000000000000000     0x1138
 .debug_aranges
                0x0000000000000000      0x150 ./Core/Src/SX1278.o
 .debug_aranges
                0x0000000000000150       0x70 ./Core/Src/gps.o
 .debug_aranges
                0x00000000000001c0       0x60 ./Core/Src/gsm.o
 .debug_aranges
                0x0000000000000220       0xd8 ./Core/Src/main.o
 .debug_aranges
                0x00000000000002f8       0x60 ./Core/Src/stm32f4xx_hal_msp.o
 .debug_aranges
                0x0000000000000358       0xa0 ./Core/Src/stm32f4xx_it.o
 .debug_aranges
                0x00000000000003f8       0x20 ./Core/Src/sysmem.o
 .debug_aranges
                0x0000000000000418       0x28 ./Core/Src/system_stm32f4xx.o
 .debug_aranges
                0x0000000000000440       0x28 ./Core/Startup/startup_stm32f401ceux.o
 .debug_aranges
                0x0000000000000468       0xf0 ./Drivers/STM32F4xx_HAL_Driver/Src/stm32f4xx_hal.o
 .debug_aranges
                0x0000000000000558      0x118 ./Drivers/STM32F4xx_HAL_Driver/Src/stm32f4xx_hal_cortex.o
 .debug_aranges
                0x0000000000000670       0x50 ./Drivers/STM32F4xx_HAL_Driver/Src/stm32f4xx_hal_crc.o
 .debug_aranges
                0x00000000000006c0       0x90 ./Drivers/STM32F4xx_HAL_Driver/Src/stm32f4xx_hal_dma.o
 .debug_aranges
                0x0000000000000750       0x58 ./Drivers/STM32F4xx_HAL_Driver/Src/stm32f4xx_hal_gpio.o
 .debug_aranges
                0x00000000000007a8       0x88 ./Drivers/STM32F4xx_HAL_Driver/Src/stm32f4xx_hal_rcc.o
 .debug_aranges
                0x0000000000000830      0x1d0 ./Drivers/STM32F4xx_HAL_Driver/Src/stm32f4xx_hal_spi.o
 .debug_aranges
                0x0000000000000a00      0x3d0 ./Drivers/STM32F4xx_HAL_Driver/Src/stm32f4xx_hal_tim.o
 .debug_aranges
                0x0000000000000dd0      0x168 ./Drivers/STM32F4xx_HAL_Driver/Src/stm32f4xx_hal_tim_ex.o
 .debug_aranges
                0x0000000000000f38      0x200 ./Drivers/STM32F4xx_HAL_Driver/Src/stm32f4xx_hal_uart.o

.debug_ranges   0x0000000000000000     0x1058
 .debug_ranges  0x0000000000000000      0x140 ./Core/Src/SX1278.o
 .debug_ranges  0x0000000000000140       0x78 ./Core/Src/gps.o
 .debug_ranges  0x00000000000001b8       0x50 ./Core/Src/gsm.o
 .debug_ranges  0x0000000000000208       0xc8 ./Core/Src/main.o
 .debug_ranges  0x00000000000002d0       0x50 ./Core/Src/stm32f4xx_hal_msp.o
 .debug_ranges  0x0000000000000320       0x90 ./Core/Src/stm32f4xx_it.o
 .debug_ranges  0x00000000000003b0       0x10 ./Core/Src/sysmem.o
 .debug_ranges  0x00000000000003c0       0x18 ./Core/Src/system_stm32f4xx.o
 .debug_ranges  0x00000000000003d8       0x20 ./Core/Startup/startup_stm32f401ceux.o
 .debug_ranges  0x00000000000003f8       0xe0 ./Drivers/STM32F4xx_HAL_Driver/Src/stm32f4xx_hal.o
 .debug_ranges  0x00000000000004d8      0x108 ./Drivers/STM32F4xx_HAL_Driver/Src/stm32f4xx_hal_cortex.o
 .debug_ranges  0x00000000000005e0       0x40 ./Drivers/STM32F4xx_HAL_Driver/Src/stm32f4xx_hal_crc.o
 .debug_ranges  0x0000000000000620       0x80 ./Drivers/STM32F4xx_HAL_Driver/Src/stm32f4xx_hal_dma.o
 .debug_ranges  0x00000000000006a0       0x48 ./Drivers/STM32F4xx_HAL_Driver/Src/stm32f4xx_hal_gpio.o
 .debug_ranges  0x00000000000006e8       0x78 ./Drivers/STM32F4xx_HAL_Driver/Src/stm32f4xx_hal_rcc.o
 .debug_ranges  0x0000000000000760      0x1c0 ./Drivers/STM32F4xx_HAL_Driver/Src/stm32f4xx_hal_spi.o
 .debug_ranges  0x0000000000000920      0x3c0 ./Drivers/STM32F4xx_HAL_Driver/Src/stm32f4xx_hal_tim.o
 .debug_ranges  0x0000000000000ce0      0x158 ./Drivers/STM32F4xx_HAL_Driver/Src/stm32f4xx_hal_tim_ex.o
 .debug_ranges  0x0000000000000e38      0x220 ./Drivers/STM32F4xx_HAL_Driver/Src/stm32f4xx_hal_uart.o

.debug_macro    0x0000000000000000    0x181ba
 .debug_macro   0x0000000000000000      0x2db ./Core/Src/SX1278.o
 .debug_macro   0x00000000000002db      0xaa8 ./Core/Src/SX1278.o
 .debug_macro   0x0000000000000d83       0x22 ./Core/Src/SX1278.o
 .debug_macro   0x0000000000000da5       0x8e ./Core/Src/SX1278.o
 .debug_macro   0x0000000000000e33       0x51 ./Core/Src/SX1278.o
 .debug_macro   0x0000000000000e84      0x103 ./Core/Src/SX1278.o
 .debug_macro   0x0000000000000f87       0x6a ./Core/Src/SX1278.o
 .debug_macro   0x0000000000000ff1      0x1df ./Core/Src/SX1278.o
 .debug_macro   0x00000000000011d0       0x22 ./Core/Src/SX1278.o
 .debug_macro   0x00000000000011f2      0x38d ./Core/Src/SX1278.o
 .debug_macro   0x000000000000157f       0x52 ./Core/Src/SX1278.o
 .debug_macro   0x00000000000015d1       0x18 ./Core/Src/SX1278.o
 .debug_macro   0x00000000000015e9       0x3c ./Core/Src/SX1278.o
 .debug_macro   0x0000000000001625       0x34 ./Core/Src/SX1278.o
 .debug_macro   0x0000000000001659      0x174 ./Core/Src/SX1278.o
 .debug_macro   0x00000000000017cd       0x16 ./Core/Src/SX1278.o
 .debug_macro   0x00000000000017e3       0x43 ./Core/Src/SX1278.o
 .debug_macro   0x0000000000001826       0x34 ./Core/Src/SX1278.o
 .debug_macro   0x000000000000185a       0x10 ./Core/Src/SX1278.o
 .debug_macro   0x000000000000186a       0x58 ./Core/Src/SX1278.o
 .debug_macro   0x00000000000018c2       0x71 ./Core/Src/SX1278.o
 .debug_macro   0x0000000000001933       0x1c ./Core/Src/SX1278.o
 .debug_macro   0x000000000000194f      0x12a ./Core/Src/SX1278.o
 .debug_macro   0x0000000000001a79      0x339 ./Core/Src/SX1278.o
 .debug_macro   0x0000000000001db2       0x10 ./Core/Src/SX1278.o
 .debug_macro   0x0000000000001dc2       0x35 ./Core/Src/SX1278.o
 .debug_macro   0x0000000000001df7       0x20 ./Core/Src/SX1278.o
 .debug_macro   0x0000000000001e17      0x2a7 ./Core/Src/SX1278.o
 .debug_macro   0x00000000000020be       0x2e ./Core/Src/SX1278.o
 .debug_macro   0x00000000000020ec       0x28 ./Core/Src/SX1278.o
 .debug_macro   0x0000000000002114       0x1c ./Core/Src/SX1278.o
 .debug_macro   0x0000000000002130       0x22 ./Core/Src/SX1278.o
 .debug_macro   0x0000000000002152       0xd9 ./Core/Src/SX1278.o
 .debug_macro   0x000000000000222b     0x102d ./Core/Src/SX1278.o
 .debug_macro   0x0000000000003258      0x11f ./Core/Src/SX1278.o
 .debug_macro   0x0000000000003377     0xb86c ./Core/Src/SX1278.o
 .debug_macro   0x000000000000ebe3       0x6d ./Core/Src/SX1278.o
 .debug_macro   0x000000000000ec50     0x3666 ./Core/Src/SX1278.o
 .debug_macro   0x00000000000122b6       0x56 ./Core/Src/SX1278.o
 .debug_macro   0x000000000001230c      0x416 ./Core/Src/SX1278.o
 .debug_macro   0x0000000000012722      0x9fe ./Core/Src/SX1278.o
 .debug_macro   0x0000000000013120      0x116 ./Core/Src/SX1278.o
 .debug_macro   0x0000000000013236       0xf8 ./Core/Src/SX1278.o
 .debug_macro   0x000000000001332e       0xa5 ./Core/Src/SX1278.o
 .debug_macro   0x00000000000133d3      0x15f ./Core/Src/SX1278.o
 .debug_macro   0x0000000000013532      0x287 ./Core/Src/SX1278.o
 .debug_macro   0x00000000000137b9       0x5f ./Core/Src/SX1278.o
 .debug_macro   0x0000000000013818      0x236 ./Core/Src/SX1278.o
 .debug_macro   0x0000000000013a4e       0x22 ./Core/Src/SX1278.o
 .debug_macro   0x0000000000013a70      0x132 ./Core/Src/SX1278.o
 .debug_macro   0x0000000000013ba2      0x264 ./Core/Src/SX1278.o
 .debug_macro   0x0000000000013e06       0x2e ./Core/Src/SX1278.o
 .debug_macro   0x0000000000013e34      0x11a ./Core/Src/SX1278.o
 .debug_macro   0x0000000000013f4e       0x85 ./Core/Src/SX1278.o
 .debug_macro   0x0000000000013fd3       0x89 ./Core/Src/SX1278.o
 .debug_macro   0x000000000001405c      0x225 ./Core/Src/SX1278.o
 .debug_macro   0x0000000000014281      0x8d1 ./Core/Src/SX1278.o
 .debug_macro   0x0000000000014b52       0x47 ./Core/Src/SX1278.o
 .debug_macro   0x0000000000014b99      0x295 ./Core/Src/SX1278.o
 .debug_macro   0x0000000000014e2e      0x126 ./Core/Src/SX1278.o
 .debug_macro   0x0000000000014f54      0x198 ./Core/Src/SX1278.o
 .debug_macro   0x00000000000150ec      0x23a ./Core/Src/gps.o
 .debug_macro   0x0000000000015326       0x16 ./Core/Src/gps.o
 .debug_macro   0x000000000001533c       0x1c ./Core/Src/gps.o
 .debug_macro   0x0000000000015358       0x10 ./Core/Src/gps.o
 .debug_macro   0x0000000000015368       0x10 ./Core/Src/gps.o
 .debug_macro   0x0000000000015378       0x1c ./Core/Src/gps.o
 .debug_macro   0x0000000000015394       0x52 ./Core/Src/gps.o
 .debug_macro   0x00000000000153e6       0x22 ./Core/Src/gps.o
 .debug_macro   0x0000000000015408       0x10 ./Core/Src/gps.o
 .debug_macro   0x0000000000015418       0x40 ./Core/Src/gps.o
 .debug_macro   0x0000000000015458       0xd5 ./Core/Src/gps.o
 .debug_macro   0x000000000001552d       0x1c ./Core/Src/gps.o
 .debug_macro   0x0000000000015549       0x3d ./Core/Src/gps.o
 .debug_macro   0x0000000000015586       0x16 ./Core/Src/gps.o
 .debug_macro   0x000000000001559c      0x145 ./Core/Src/gps.o
 .debug_macro   0x00000000000156e1       0x16 ./Core/Src/gps.o
 .debug_macro   0x00000000000156f7       0x16 ./Core/Src/gps.o
 .debug_macro   0x000000000001570d       0x29 ./Core/Src/gps.o
 .debug_macro   0x0000000000015736      0x3ba ./Core/Src/gsm.o
 .debug_macro   0x0000000000015af0       0xdf ./Core/Src/gsm.o
 .debug_macro   0x0000000000015bcf       0x5c ./Core/Src/gsm.o
 .debug_macro   0x0000000000015c2b      0x333 ./Core/Src/gsm.o
 .debug_macro   0x0000000000015f5e      0x3f7 ./Core/Src/main.o
 .debug_macro   0x0000000000016355       0x1c ./Core/Src/main.o
 .debug_macro   0x0000000000016371      0x2d7 ./Core/Src/stm32f4xx_hal_msp.o
 .debug_macro   0x0000000000016648      0x2e1 ./Core/Src/stm32f4xx_it.o
 .debug_macro   0x0000000000016929       0xff ./Core/Src/sysmem.o
 .debug_macro   0x0000000000016a28      0x23b ./Core/Src/sysmem.o
 .debug_macro   0x0000000000016c63      0x1e2 ./Core/Src/system_stm32f4xx.o
 .debug_macro   0x0000000000016e45      0x242 ./Drivers/STM32F4xx_HAL_Driver/Src/stm32f4xx_hal.o
 .debug_macro   0x0000000000017087      0x1e2 ./Drivers/STM32F4xx_HAL_Driver/Src/stm32f4xx_hal_cortex.o
 .debug_macro   0x0000000000017269      0x1e2 ./Drivers/STM32F4xx_HAL_Driver/Src/stm32f4xx_hal_crc.o
 .debug_macro   0x000000000001744b      0x1e8 ./Drivers/STM32F4xx_HAL_Driver/Src/stm32f4xx_hal_dma.o
 .debug_macro   0x0000000000017633      0x1e8 ./Drivers/STM32F4xx_HAL_Driver/Src/stm32f4xx_hal_gpio.o
 .debug_macro   0x000000000001781b      0x206 ./Drivers/STM32F4xx_HAL_Driver/Src/stm32f4xx_hal_rcc.o
 .debug_macro   0x0000000000017a21      0x1f1 ./Drivers/STM32F4xx_HAL_Driver/Src/stm32f4xx_hal_spi.o
 .debug_macro   0x0000000000017c12      0x1e3 ./Drivers/STM32F4xx_HAL_Driver/Src/stm32f4xx_hal_tim.o
 .debug_macro   0x0000000000017df5      0x1e2 ./Drivers/STM32F4xx_HAL_Driver/Src/stm32f4xx_hal_tim_ex.o
 .debug_macro   0x0000000000017fd7      0x1e3 ./Drivers/STM32F4xx_HAL_Driver/Src/stm32f4xx_hal_uart.o

.debug_line     0x0000000000000000    0x1312a
 .debug_line    0x0000000000000000      0xf4d ./Core/Src/SX1278.o
 .debug_line    0x0000000000000f4d      0xa86 ./Core/Src/gps.o
 .debug_line    0x00000000000019d3      0xa97 ./Core/Src/gsm.o
 .debug_line    0x000000000000246a     0x104f ./Core/Src/main.o
 .debug_line    0x00000000000034b9      0xa55 ./Core/Src/stm32f4xx_hal_msp.o
 .debug_line    0x0000000000003f0e      0x9f0 ./Core/Src/stm32f4xx_it.o
 .debug_line    0x00000000000048fe      0x4f8 ./Core/Src/sysmem.o
 .debug_line    0x0000000000004df6      0x776 ./Core/Src/system_stm32f4xx.o
 .debug_line    0x000000000000556c       0x88 ./Core/Startup/startup_stm32f401ceux.o
 .debug_line    0x00000000000055f4      0x9dc ./Drivers/STM32F4xx_HAL_Driver/Src/stm32f4xx_hal.o
 .debug_line    0x0000000000005fd0      0xc8b ./Drivers/STM32F4xx_HAL_Driver/Src/stm32f4xx_hal_cortex.o
 .debug_line    0x0000000000006c5b      0x83b ./Drivers/STM32F4xx_HAL_Driver/Src/stm32f4xx_hal_crc.o
 .debug_line    0x0000000000007496      0xf41 ./Drivers/STM32F4xx_HAL_Driver/Src/stm32f4xx_hal_dma.o
 .debug_line    0x00000000000083d7      0xb16 ./Drivers/STM32F4xx_HAL_Driver/Src/stm32f4xx_hal_gpio.o
 .debug_line    0x0000000000008eed      0xd58 ./Drivers/STM32F4xx_HAL_Driver/Src/stm32f4xx_hal_rcc.o
 .debug_line    0x0000000000009c45     0x1c64 ./Drivers/STM32F4xx_HAL_Driver/Src/stm32f4xx_hal_spi.o
 .debug_line    0x000000000000b8a9     0x34aa ./Drivers/STM32F4xx_HAL_Driver/Src/stm32f4xx_hal_tim.o
 .debug_line    0x000000000000ed53     0x1974 ./Drivers/STM32F4xx_HAL_Driver/Src/stm32f4xx_hal_tim_ex.o
 .debug_line    0x00000000000106c7     0x2a63 ./Drivers/STM32F4xx_HAL_Driver/Src/stm32f4xx_hal_uart.o

.debug_str      0x0000000000000000    0x91270
 .debug_str     0x0000000000000000    0x8bc9b ./Core/Src/SX1278.o
                                      0x8c0be (size before relaxing)
 .debug_str     0x000000000008bc9b     0x113f ./Core/Src/gps.o
                                       0x8373 (size before relaxing)
 .debug_str     0x000000000008cdda      0x319 ./Core/Src/gsm.o
                                      0x8cbbc (size before relaxing)
 .debug_str     0x000000000008d0f3      0xb45 ./Core/Src/main.o
                                      0x8dbe9 (size before relaxing)
 .debug_str     0x000000000008dc38       0xcf ./Core/Src/stm32f4xx_hal_msp.o
                                      0x8c61b (size before relaxing)
 .debug_str     0x000000000008dd07      0x14e ./Core/Src/stm32f4xx_it.o
                                      0x8bf65 (size before relaxing)
 .debug_str     0x000000000008de55      0x4e9 ./Core/Src/sysmem.o
                                       0x629a (size before relaxing)
 .debug_str     0x000000000008e33e       0xaf ./Core/Src/system_stm32f4xx.o
                                      0x875be (size before relaxing)
 .debug_str     0x000000000008e3ed       0x36 ./Core/Startup/startup_stm32f401ceux.o
                                         0x6b (size before relaxing)
 .debug_str     0x000000000008e423      0x57e ./Drivers/STM32F4xx_HAL_Driver/Src/stm32f4xx_hal.o
                                      0x87f3e (size before relaxing)
 .debug_str     0x000000000008e9a1      0x399 ./Drivers/STM32F4xx_HAL_Driver/Src/stm32f4xx_hal_cortex.o
                                      0x87d1b (size before relaxing)
 .debug_str     0x000000000008ed3a       0xa5 ./Drivers/STM32F4xx_HAL_Driver/Src/stm32f4xx_hal_crc.o
                                      0x87606 (size before relaxing)
 .debug_str     0x000000000008eddf      0x315 ./Drivers/STM32F4xx_HAL_Driver/Src/stm32f4xx_hal_dma.o
                                      0x879d6 (size before relaxing)
 .debug_str     0x000000000008f0f4      0x143 ./Drivers/STM32F4xx_HAL_Driver/Src/stm32f4xx_hal_gpio.o
                                      0x87765 (size before relaxing)
 .debug_str     0x000000000008f237      0x259 ./Drivers/STM32F4xx_HAL_Driver/Src/stm32f4xx_hal_rcc.o
                                      0x879c0 (size before relaxing)
 .debug_str     0x000000000008f490      0x574 ./Drivers/STM32F4xx_HAL_Driver/Src/stm32f4xx_hal_spi.o
                                      0x87e50 (size before relaxing)
 .debug_str     0x000000000008fa04      0xdbd ./Drivers/STM32F4xx_HAL_Driver/Src/stm32f4xx_hal_tim.o
                                      0x888db (size before relaxing)
 .debug_str     0x00000000000907c1      0x4ee ./Drivers/STM32F4xx_HAL_Driver/Src/stm32f4xx_hal_tim_ex.o
                                      0x8808c (size before relaxing)
 .debug_str     0x0000000000090caf      0x5c1 ./Drivers/STM32F4xx_HAL_Driver/Src/stm32f4xx_hal_uart.o
                                      0x87f34 (size before relaxing)

.comment        0x0000000000000000       0x53
 .comment       0x0000000000000000       0x53 ./Core/Src/SX1278.o
                                         0x54 (size before relaxing)
 .comment       0x0000000000000053       0x54 ./Core/Src/gps.o
 .comment       0x0000000000000053       0x54 ./Core/Src/gsm.o
 .comment       0x0000000000000053       0x54 ./Core/Src/main.o
 .comment       0x0000000000000053       0x54 ./Core/Src/stm32f4xx_hal_msp.o
 .comment       0x0000000000000053       0x54 ./Core/Src/stm32f4xx_it.o
 .comment       0x0000000000000053       0x54 ./Core/Src/sysmem.o
 .comment       0x0000000000000053       0x54 ./Core/Src/system_stm32f4xx.o
 .comment       0x0000000000000053       0x54 ./Drivers/STM32F4xx_HAL_Driver/Src/stm32f4xx_hal.o